Sep 11 12:50:34 server kernel: [    0.000000] Linux version 4.15.0-117-generic (buildd@lcy01-amd64-008) (gcc version 7.5.0 (Ubuntu 7.5.0-3ubuntu1~18.04)) #118-Ubuntu SMP Fri Sep 4 20:02:41 UTC 2020 (Ubuntu 4.15.0-117.118-generic 4.15.18)
Sep 11 12:50:34 server kernel: [    0.000000] Command line: BOOT_IMAGE=/vmlinuz-4.15.0-117-generic root=/dev/mapper/ubuntu--vg-ubuntu--lv ro maybe-ubiquity
Sep 11 12:50:34 server kernel: [    0.000000] KERNEL supported cpus:
Sep 11 12:50:34 server kernel: [    0.000000]   Intel GenuineIntel
Sep 11 12:50:34 server kernel: [    0.000000]   AMD AuthenticAMD
Sep 11 12:50:34 server kernel: [    0.000000]   Centaur CentaurHauls
Sep 11 12:50:34 server kernel: [    0.000000] x86/fpu: Supporting XSAVE feature 0x001: 'x87 floating point registers'
Sep 11 12:50:34 server kernel: [    0.000000] x86/fpu: Supporting XSAVE feature 0x002: 'SSE registers'
Sep 11 12:50:34 server kernel: [    0.000000] x86/fpu: Supporting XSAVE feature 0x004: 'AVX registers'
Sep 11 12:50:34 server kernel: [    0.000000] x86/fpu: xstate_offset[2]:  576, xstate_sizes[2]:  256
Sep 11 12:50:34 server kernel: [    0.000000] x86/fpu: Enabled xstate features 0x7, context size is 832 bytes, using 'standard' format.
Sep 11 12:50:34 server kernel: [    0.000000] e820: BIOS-provided physical RAM map:
Sep 11 12:50:34 server kernel: [    0.000000] BIOS-e820: [mem 0x0000000000000000-0x000000000009fbff] usable
Sep 11 12:50:34 server kernel: [    0.000000] BIOS-e820: [mem 0x000000000009fc00-0x000000000009ffff] reserved
Sep 11 12:50:34 server kernel: [    0.000000] BIOS-e820: [mem 0x00000000000f0000-0x00000000000fffff] reserved
Sep 11 12:50:34 server kernel: [    0.000000] BIOS-e820: [mem 0x0000000000100000-0x000000007ffeffff] usable
Sep 11 12:50:34 server kernel: [    0.000000] BIOS-e820: [mem 0x000000007fff0000-0x000000007fffffff] ACPI data
Sep 11 12:50:34 server kernel: [    0.000000] BIOS-e820: [mem 0x00000000fec00000-0x00000000fec00fff] reserved
Sep 11 12:50:34 server kernel: [    0.000000] BIOS-e820: [mem 0x00000000fee00000-0x00000000fee00fff] reserved
Sep 11 12:50:34 server kernel: [    0.000000] BIOS-e820: [mem 0x00000000fffc0000-0x00000000ffffffff] reserved
Sep 11 12:50:34 server kernel: [    0.000000] NX (Execute Disable) protection: active
Sep 11 12:50:34 server kernel: [    0.000000] SMBIOS 2.5 present.
Sep 11 12:50:34 server kernel: [    0.000000] DMI: innotek GmbH VirtualBox/VirtualBox, BIOS VirtualBox 12/01/2006
Sep 11 12:50:34 server kernel: [    0.000000] Hypervisor detected: KVM
Sep 11 12:50:34 server kernel: [    0.000000] e820: update [mem 0x00000000-0x00000fff] usable ==> reserved
Sep 11 12:50:34 server kernel: [    0.000000] e820: remove [mem 0x000a0000-0x000fffff] usable
Sep 11 12:50:34 server kernel: [    0.000000] e820: last_pfn = 0x7fff0 max_arch_pfn = 0x400000000
Sep 11 12:50:34 server kernel: [    0.000000] MTRR default type: uncachable
Sep 11 12:50:34 server kernel: [    0.000000] MTRR variable ranges disabled:
Sep 11 12:50:34 server kernel: [    0.000000] MTRR: Disabled
Sep 11 12:50:34 server kernel: [    0.000000] x86/PAT: MTRRs disabled, skipping PAT initialization too.
Sep 11 12:50:34 server kernel: [    0.000000] CPU MTRRs all blank - virtualized system.
Sep 11 12:50:34 server kernel: [    0.000000] x86/PAT: Configuration [0-7]: WB  WT  UC- UC  WB  WT  UC- UC  
Sep 11 12:50:34 server kernel: [    0.000000] Scanning 1 areas for low memory corruption
Sep 11 12:50:34 server kernel: [    0.000000] RAMDISK: [mem 0x31163000-0x348a8fff]
Sep 11 12:50:34 server kernel: [    0.000000] ACPI: Early table checksum verification disabled
Sep 11 12:50:34 server kernel: [    0.000000] ACPI: RSDP 0x00000000000E0000 000024 (v02 VBOX  )
Sep 11 12:50:34 server kernel: [    0.000000] ACPI: XSDT 0x000000007FFF0030 00003C (v01 VBOX   VBOXXSDT 00000001 ASL  00000061)
Sep 11 12:50:34 server kernel: [    0.000000] ACPI: FACP 0x000000007FFF00F0 0000F4 (v04 VBOX   VBOXFACP 00000001 ASL  00000061)
Sep 11 12:50:34 server kernel: [    0.000000] ACPI: DSDT 0x000000007FFF0470 0022EA (v02 VBOX   VBOXBIOS 00000002 INTL 20100528)
Sep 11 12:50:34 server kernel: [    0.000000] ACPI: FACS 0x000000007FFF0200 000040
Sep 11 12:50:34 server kernel: [    0.000000] ACPI: FACS 0x000000007FFF0200 000040
Sep 11 12:50:34 server kernel: [    0.000000] ACPI: APIC 0x000000007FFF0240 000054 (v02 VBOX   VBOXAPIC 00000001 ASL  00000061)
Sep 11 12:50:34 server kernel: [    0.000000] ACPI: SSDT 0x000000007FFF02A0 0001CC (v01 VBOX   VBOXCPUT 00000002 INTL 20100528)
Sep 11 12:50:34 server kernel: [    0.000000] ACPI: Local APIC address 0xfee00000
Sep 11 12:50:34 server kernel: [    0.000000] No NUMA configuration found
Sep 11 12:50:34 server kernel: [    0.000000] Faking a node at [mem 0x0000000000000000-0x000000007ffeffff]
Sep 11 12:50:34 server kernel: [    0.000000] NODE_DATA(0) allocated [mem 0x7ffc5000-0x7ffeffff]
Sep 11 12:50:34 server kernel: [    0.000000] kvm-clock: cpu 0, msr 0:7ff44001, primary cpu clock
Sep 11 12:50:34 server kernel: [    0.000000] kvm-clock: Using msrs 4b564d01 and 4b564d00
Sep 11 12:50:34 server kernel: [    0.000000] kvm-clock: using sched offset of 516486116427 cycles
Sep 11 12:50:34 server kernel: [    0.000000] clocksource: kvm-clock: mask: 0xffffffffffffffff max_cycles: 0x1cd42e4dffb, max_idle_ns: 881590591483 ns
Sep 11 12:50:34 server kernel: [    0.000000] Zone ranges:
Sep 11 12:50:34 server kernel: [    0.000000]   DMA      [mem 0x0000000000001000-0x0000000000ffffff]
Sep 11 12:50:34 server kernel: [    0.000000]   DMA32    [mem 0x0000000001000000-0x000000007ffeffff]
Sep 11 12:50:34 server kernel: [    0.000000]   Normal   empty
Sep 11 12:50:34 server kernel: [    0.000000]   Device   empty
Sep 11 12:50:34 server kernel: [    0.000000] Movable zone start for each node
Sep 11 12:50:34 server kernel: [    0.000000] Early memory node ranges
Sep 11 12:50:34 server kernel: [    0.000000]   node   0: [mem 0x0000000000001000-0x000000000009efff]
Sep 11 12:50:34 server kernel: [    0.000000]   node   0: [mem 0x0000000000100000-0x000000007ffeffff]
Sep 11 12:50:34 server kernel: [    0.000000] Reserved but unavailable: 98 pages
Sep 11 12:50:34 server kernel: [    0.000000] Initmem setup node 0 [mem 0x0000000000001000-0x000000007ffeffff]
Sep 11 12:50:34 server kernel: [    0.000000] On node 0 totalpages: 524174
Sep 11 12:50:34 server kernel: [    0.000000]   DMA zone: 64 pages used for memmap
Sep 11 12:50:34 server kernel: [    0.000000]   DMA zone: 21 pages reserved
Sep 11 12:50:34 server kernel: [    0.000000]   DMA zone: 3998 pages, LIFO batch:0
Sep 11 12:50:34 server kernel: [    0.000000]   DMA32 zone: 8128 pages used for memmap
Sep 11 12:50:34 server kernel: [    0.000000]   DMA32 zone: 520176 pages, LIFO batch:31
Sep 11 12:50:34 server kernel: [    0.000000] ACPI: PM-Timer IO Port: 0x4008
Sep 11 12:50:34 server kernel: [    0.000000] ACPI: Local APIC address 0xfee00000
Sep 11 12:50:34 server kernel: [    0.000000] IOAPIC[0]: apic_id 1, version 32, address 0xfec00000, GSI 0-23
Sep 11 12:50:34 server kernel: [    0.000000] ACPI: INT_SRC_OVR (bus 0 bus_irq 0 global_irq 2 dfl dfl)
Sep 11 12:50:34 server kernel: [    0.000000] ACPI: INT_SRC_OVR (bus 0 bus_irq 9 global_irq 9 low level)
Sep 11 12:50:34 server kernel: [    0.000000] ACPI: IRQ0 used by override.
Sep 11 12:50:34 server kernel: [    0.000000] ACPI: IRQ9 used by override.
Sep 11 12:50:34 server kernel: [    0.000000] Using ACPI (MADT) for SMP configuration information
Sep 11 12:50:34 server kernel: [    0.000000] smpboot: Allowing 1 CPUs, 0 hotplug CPUs
Sep 11 12:50:34 server kernel: [    0.000000] PM: Registered nosave memory: [mem 0x00000000-0x00000fff]
Sep 11 12:50:34 server kernel: [    0.000000] PM: Registered nosave memory: [mem 0x0009f000-0x0009ffff]
Sep 11 12:50:34 server kernel: [    0.000000] PM: Registered nosave memory: [mem 0x000a0000-0x000effff]
Sep 11 12:50:34 server kernel: [    0.000000] PM: Registered nosave memory: [mem 0x000f0000-0x000fffff]
Sep 11 12:50:34 server kernel: [    0.000000] e820: [mem 0x80000000-0xfebfffff] available for PCI devices
Sep 11 12:50:34 server kernel: [    0.000000] Booting paravirtualized kernel on KVM
Sep 11 12:50:34 server kernel: [    0.000000] clocksource: refined-jiffies: mask: 0xffffffff max_cycles: 0xffffffff, max_idle_ns: 7645519600211568 ns
Sep 11 12:50:34 server kernel: [    0.000000] random: get_random_bytes called from start_kernel+0x99/0x500 with crng_init=0
Sep 11 12:50:34 server kernel: [    0.000000] setup_percpu: NR_CPUS:8192 nr_cpumask_bits:1 nr_cpu_ids:1 nr_node_ids:1
Sep 11 12:50:34 server kernel: [    0.000000] percpu: Embedded 45 pages/cpu s147456 r8192 d28672 u2097152
Sep 11 12:50:34 server kernel: [    0.000000] pcpu-alloc: s147456 r8192 d28672 u2097152 alloc=1*2097152
Sep 11 12:50:34 server kernel: [    0.000000] pcpu-alloc: [0] 0 
Sep 11 12:50:34 server kernel: [    0.000000] PV qspinlock hash table entries: 256 (order: 0, 4096 bytes)
Sep 11 12:50:34 server kernel: [    0.000000] Built 1 zonelists, mobility grouping on.  Total pages: 515961
Sep 11 12:50:34 server kernel: [    0.000000] Policy zone: DMA32
Sep 11 12:50:34 server kernel: [    0.000000] Kernel command line: BOOT_IMAGE=/vmlinuz-4.15.0-117-generic root=/dev/mapper/ubuntu--vg-ubuntu--lv ro maybe-ubiquity
Sep 11 12:50:34 server kernel: [    0.000000] Calgary: detecting Calgary via BIOS EBDA area
Sep 11 12:50:34 server kernel: [    0.000000] Calgary: Unable to locate Rio Grande table in EBDA - bailing!
Sep 11 12:50:34 server kernel: [    0.000000] Memory: 1978020K/2096696K available (12300K kernel code, 2481K rwdata, 4272K rodata, 2436K init, 2724K bss, 118676K reserved, 0K cma-reserved)
Sep 11 12:50:34 server kernel: [    0.000000] SLUB: HWalign=64, Order=0-3, MinObjects=0, CPUs=1, Nodes=1
Sep 11 12:50:34 server kernel: [    0.000000] Kernel/User page tables isolation: enabled
Sep 11 12:50:34 server kernel: [    0.000000] ftrace: allocating 39392 entries in 154 pages
Sep 11 12:50:34 server kernel: [    0.004000] Hierarchical RCU implementation.
Sep 11 12:50:34 server kernel: [    0.004000] 	RCU restricting CPUs from NR_CPUS=8192 to nr_cpu_ids=1.
Sep 11 12:50:34 server kernel: [    0.004000] 	Tasks RCU enabled.
Sep 11 12:50:34 server kernel: [    0.004000] RCU: Adjusting geometry for rcu_fanout_leaf=16, nr_cpu_ids=1
Sep 11 12:50:34 server kernel: [    0.004000] NR_IRQS: 524544, nr_irqs: 256, preallocated irqs: 16
Sep 11 12:50:34 server kernel: [    0.004000] Console: colour VGA+ 80x25
Sep 11 12:50:34 server kernel: [    0.004000] console [tty0] enabled
Sep 11 12:50:34 server kernel: [    0.004000] ACPI: Core revision 20170831
Sep 11 12:50:34 server kernel: [    0.004000] ACPI: 2 ACPI AML tables successfully acquired and loaded
Sep 11 12:50:34 server kernel: [    0.004000] APIC: Switch to symmetric I/O mode setup
Sep 11 12:50:34 server kernel: [    0.004000] x2apic enabled
Sep 11 12:50:34 server kernel: [    0.004000] Switched APIC routing to physical x2apic.
Sep 11 12:50:34 server kernel: [    0.004000] ..TIMER: vector=0x30 apic1=0 pin1=2 apic2=-1 pin2=-1
Sep 11 12:50:34 server kernel: [    0.004000] tsc: Detected 2592.000 MHz processor
Sep 11 12:50:34 server kernel: [    0.004000] Calibrating delay loop (skipped) preset value.. 5184.00 BogoMIPS (lpj=10368000)
Sep 11 12:50:34 server kernel: [    0.004000] pid_max: default: 32768 minimum: 301
Sep 11 12:50:34 server kernel: [    0.004000] Security Framework initialized
Sep 11 12:50:34 server kernel: [    0.004000] Yama: becoming mindful.
Sep 11 12:50:34 server kernel: [    0.004000] AppArmor: AppArmor initialized
Sep 11 12:50:34 server kernel: [    0.004000] Dentry cache hash table entries: 262144 (order: 9, 2097152 bytes)
Sep 11 12:50:34 server kernel: [    0.004000] Inode-cache hash table entries: 131072 (order: 8, 1048576 bytes)
Sep 11 12:50:34 server kernel: [    0.004000] Mount-cache hash table entries: 4096 (order: 3, 32768 bytes)
Sep 11 12:50:34 server kernel: [    0.004000] Mountpoint-cache hash table entries: 4096 (order: 3, 32768 bytes)
Sep 11 12:50:34 server kernel: [    0.004000] process: using mwait in idle threads
Sep 11 12:50:34 server kernel: [    0.004000] Last level iTLB entries: 4KB 64, 2MB 8, 4MB 8
Sep 11 12:50:34 server kernel: [    0.004003] Last level dTLB entries: 4KB 64, 2MB 0, 4MB 0, 1GB 4
Sep 11 12:50:34 server kernel: [    0.004188] Spectre V1 : Mitigation: usercopy/swapgs barriers and __user pointer sanitization
Sep 11 12:50:34 server kernel: [    0.004457] Spectre V2 : Mitigation: Full generic retpoline
Sep 11 12:50:34 server kernel: [    0.004633] Spectre V2 : Spectre v2 / SpectreRSB mitigation: Filling RSB on context switch
Sep 11 12:50:34 server kernel: [    0.004896] Speculative Store Bypass: Vulnerable
Sep 11 12:50:34 server kernel: [    0.005086] SRBDS: Unknown: Dependent on hypervisor status
Sep 11 12:50:34 server kernel: [    0.005261] MDS: Vulnerable: Clear CPU buffers attempted, no microcode
Sep 11 12:50:34 server kernel: [    0.019107] Freeing SMP alternatives memory: 36K
Sep 11 12:50:34 server kernel: [    0.128813] smpboot: CPU0: Intel(R) Core(TM) i7-9750H CPU @ 2.60GHz (family: 0x6, model: 0x9e, stepping: 0xa)
Sep 11 12:50:34 server kernel: [    0.129276] Performance Events: unsupported p6 CPU model 158 no PMU driver, software events only.
Sep 11 12:50:34 server kernel: [    0.129636] Hierarchical SRCU implementation.
Sep 11 12:50:34 server kernel: [    0.130378] NMI watchdog: Perf event create on CPU 0 failed with -2
Sep 11 12:50:34 server kernel: [    0.130570] NMI watchdog: Perf NMI watchdog permanently disabled
Sep 11 12:50:34 server kernel: [    0.130777] smp: Bringing up secondary CPUs ...
Sep 11 12:50:34 server kernel: [    0.130935] smp: Brought up 1 node, 1 CPU
Sep 11 12:50:34 server kernel: [    0.131081] smpboot: Max logical packages: 1
Sep 11 12:50:34 server kernel: [    0.131232] smpboot: Total of 1 processors activated (5184.00 BogoMIPS)
Sep 11 12:50:34 server kernel: [    0.131532] devtmpfs: initialized
Sep 11 12:50:34 server kernel: [    0.131702] x86/mm: Memory block size: 128MB
Sep 11 12:50:34 server kernel: [    0.131984] evm: security.selinux
Sep 11 12:50:34 server kernel: [    0.132000] evm: security.SMACK64
Sep 11 12:50:34 server kernel: [    0.132000] evm: security.SMACK64EXEC
Sep 11 12:50:34 server kernel: [    0.132000] evm: security.SMACK64TRANSMUTE
Sep 11 12:50:34 server kernel: [    0.132000] evm: security.SMACK64MMAP
Sep 11 12:50:34 server kernel: [    0.132000] evm: security.apparmor
Sep 11 12:50:34 server kernel: [    0.132000] evm: security.ima
Sep 11 12:50:34 server kernel: [    0.132000] evm: security.capability
Sep 11 12:50:34 server kernel: [    0.132000] clocksource: jiffies: mask: 0xffffffff max_cycles: 0xffffffff, max_idle_ns: 7645041785100000 ns
Sep 11 12:50:34 server kernel: [    0.132000] futex hash table entries: 256 (order: 2, 16384 bytes)
Sep 11 12:50:34 server kernel: [    0.132000] pinctrl core: initialized pinctrl subsystem
Sep 11 12:50:34 server kernel: [    0.132017] RTC time: 12:50:24, date: 09/11/20
Sep 11 12:50:34 server kernel: [    0.132229] NET: Registered protocol family 16
Sep 11 12:50:34 server kernel: [    0.132428] audit: initializing netlink subsys (disabled)
Sep 11 12:50:34 server kernel: [    0.132679] cpuidle: using governor ladder
Sep 11 12:50:34 server kernel: [    0.132829] cpuidle: using governor menu
Sep 11 12:50:34 server kernel: [    0.132995] ACPI: bus type PCI registered
Sep 11 12:50:34 server kernel: [    0.133143] acpiphp: ACPI Hot Plug PCI Controller Driver version: 0.5
Sep 11 12:50:34 server kernel: [    0.133415] PCI: Using configuration type 1 for base access
Sep 11 12:50:34 server kernel: [    0.134245] audit: type=2000 audit(1599829140.325:1): state=initialized audit_enabled=0 res=1
Sep 11 12:50:34 server kernel: [    0.134557] HugeTLB registered 2.00 MiB page size, pre-allocated 0 pages
Sep 11 12:50:34 server kernel: [    0.134858] ACPI: Added _OSI(Module Device)
Sep 11 12:50:34 server kernel: [    0.135056] ACPI: Added _OSI(Processor Device)
Sep 11 12:50:34 server kernel: [    0.135211] ACPI: Added _OSI(3.0 _SCP Extensions)
Sep 11 12:50:34 server kernel: [    0.135371] ACPI: Added _OSI(Processor Aggregator Device)
Sep 11 12:50:34 server kernel: [    0.135544] ACPI: Added _OSI(Linux-Dell-Video)
Sep 11 12:50:34 server kernel: [    0.135698] ACPI: Added _OSI(Linux-Lenovo-NV-HDMI-Audio)
Sep 11 12:50:34 server kernel: [    0.135870] ACPI: Added _OSI(Linux-HPI-Hybrid-Graphics)
Sep 11 12:50:34 server kernel: [    0.136302] ACPI: Executed 1 blocks of module-level executable AML code
Sep 11 12:50:34 server kernel: [    0.138879] ACPI: Interpreter enabled
Sep 11 12:50:34 server kernel: [    0.139029] ACPI: (supports S0 S5)
Sep 11 12:50:34 server kernel: [    0.139164] ACPI: Using IOAPIC for interrupt routing
Sep 11 12:50:34 server kernel: [    0.139484] PCI: Using host bridge windows from ACPI; if necessary, use "pci=nocrs" and report a bug
Sep 11 12:50:34 server kernel: [    0.139910] ACPI: Enabled 2 GPEs in block 00 to 07
Sep 11 12:50:34 server kernel: [    0.146517] ACPI: PCI Root Bridge [PCI0] (domain 0000 [bus 00-ff])
Sep 11 12:50:34 server kernel: [    0.146712] acpi PNP0A03:00: _OSC: OS supports [ASPM ClockPM Segments MSI]
Sep 11 12:50:34 server kernel: [    0.147244] acpi PNP0A03:00: _OSC: not requesting OS control; OS requires [ExtendedConfig ASPM ClockPM MSI]
Sep 11 12:50:34 server kernel: [    0.147539] acpi PNP0A03:00: fail to add MMCONFIG information, can't access extended PCI configuration space under this bridge.
Sep 11 12:50:34 server kernel: [    0.148403] PCI host bridge to bus 0000:00
Sep 11 12:50:34 server kernel: [    0.148554] pci_bus 0000:00: root bus resource [io  0x0000-0x0cf7 window]
Sep 11 12:50:34 server kernel: [    0.148749] pci_bus 0000:00: root bus resource [io  0x0d00-0xffff window]
Sep 11 12:50:34 server kernel: [    0.148945] pci_bus 0000:00: root bus resource [mem 0x000a0000-0x000bffff window]
Sep 11 12:50:34 server kernel: [    0.149187] pci_bus 0000:00: root bus resource [mem 0x80000000-0xfdffffff window]
Sep 11 12:50:34 server kernel: [    0.149429] pci_bus 0000:00: root bus resource [bus 00-ff]
Sep 11 12:50:34 server kernel: [    0.149648] pci 0000:00:00.0: [8086:1237] type 00 class 0x060000
Sep 11 12:50:34 server kernel: [    0.150276] pci 0000:00:01.0: [8086:7000] type 00 class 0x060100
Sep 11 12:50:34 server kernel: [    0.151044] pci 0000:00:01.1: [8086:7111] type 00 class 0x01018a
Sep 11 12:50:34 server kernel: [    0.151578] pci 0000:00:01.1: reg 0x20: [io  0xd000-0xd00f]
Sep 11 12:50:34 server kernel: [    0.151790] pci 0000:00:01.1: legacy IDE quirk: reg 0x10: [io  0x01f0-0x01f7]
Sep 11 12:50:34 server kernel: [    0.151997] pci 0000:00:01.1: legacy IDE quirk: reg 0x14: [io  0x03f6]
Sep 11 12:50:34 server kernel: [    0.152000] pci 0000:00:01.1: legacy IDE quirk: reg 0x18: [io  0x0170-0x0177]
Sep 11 12:50:34 server kernel: [    0.152000] pci 0000:00:01.1: legacy IDE quirk: reg 0x1c: [io  0x0376]
Sep 11 12:50:34 server kernel: [    0.152226] pci 0000:00:02.0: [15ad:0405] type 00 class 0x030000
Sep 11 12:50:34 server kernel: [    0.153324] pci 0000:00:02.0: reg 0x10: [io  0xd010-0xd01f]
Sep 11 12:50:34 server kernel: [    0.154237] pci 0000:00:02.0: reg 0x14: [mem 0xf0000000-0xf0ffffff]
Sep 11 12:50:34 server kernel: [    0.155047] pci 0000:00:02.0: reg 0x18: [mem 0xf1000000-0xf11fffff]
Sep 11 12:50:34 server kernel: [    0.160083] pci 0000:00:03.0: [8086:100e] type 00 class 0x020000
Sep 11 12:50:34 server kernel: [    0.161679] pci 0000:00:03.0: reg 0x10: [mem 0xf1200000-0xf121ffff]
Sep 11 12:50:34 server kernel: [    0.163079] pci 0000:00:03.0: reg 0x18: [io  0xd020-0xd027]
Sep 11 12:50:34 server kernel: [    0.165861] pci 0000:00:04.0: [80ee:cafe] type 00 class 0x088000
Sep 11 12:50:34 server kernel: [    0.166513] pci 0000:00:04.0: reg 0x10: [io  0xd040-0xd05f]
Sep 11 12:50:34 server kernel: [    0.167034] pci 0000:00:04.0: reg 0x14: [mem 0xf1400000-0xf17fffff]
Sep 11 12:50:34 server kernel: [    0.168028] pci 0000:00:04.0: reg 0x18: [mem 0xf1800000-0xf1803fff pref]
Sep 11 12:50:34 server kernel: [    0.170936] pci 0000:00:05.0: [8086:2415] type 00 class 0x040100
Sep 11 12:50:34 server kernel: [    0.171103] pci 0000:00:05.0: reg 0x10: [io  0xd100-0xd1ff]
Sep 11 12:50:34 server kernel: [    0.171197] pci 0000:00:05.0: reg 0x14: [io  0xd200-0xd23f]
Sep 11 12:50:34 server kernel: [    0.171926] pci 0000:00:06.0: [106b:003f] type 00 class 0x0c0310
Sep 11 12:50:34 server kernel: [    0.172830] pci 0000:00:06.0: reg 0x10: [mem 0xf1804000-0xf1804fff]
Sep 11 12:50:34 server kernel: [    0.177251] pci 0000:00:07.0: [8086:7113] type 00 class 0x068000
Sep 11 12:50:34 server kernel: [    0.177697] pci 0000:00:07.0: quirk: [io  0x4000-0x403f] claimed by PIIX4 ACPI
Sep 11 12:50:34 server kernel: [    0.178507] pci 0000:00:07.0: quirk: [io  0x4100-0x410f] claimed by PIIX4 SMB
Sep 11 12:50:34 server kernel: [    0.179051] pci 0000:00:0d.0: [8086:2829] type 00 class 0x010601
Sep 11 12:50:34 server kernel: [    0.180142] pci 0000:00:0d.0: reg 0x10: [io  0xd240-0xd247]
Sep 11 12:50:34 server kernel: [    0.181079] pci 0000:00:0d.0: reg 0x14: [io  0xd248-0xd24b]
Sep 11 12:50:34 server kernel: [    0.181678] pci 0000:00:0d.0: reg 0x18: [io  0xd250-0xd257]
Sep 11 12:50:34 server kernel: [    0.182183] pci 0000:00:0d.0: reg 0x1c: [io  0xd258-0xd25b]
Sep 11 12:50:34 server kernel: [    0.182688] pci 0000:00:0d.0: reg 0x20: [io  0xd260-0xd26f]
Sep 11 12:50:34 server kernel: [    0.183161] pci 0000:00:0d.0: reg 0x24: [mem 0xf1806000-0xf1807fff]
Sep 11 12:50:34 server kernel: [    0.185437] ACPI: PCI Interrupt Link [LNKA] (IRQs 5 9 10 *11)
Sep 11 12:50:34 server kernel: [    0.185874] ACPI: PCI Interrupt Link [LNKB] (IRQs 5 9 *10 11)
Sep 11 12:50:34 server kernel: [    0.186149] ACPI: PCI Interrupt Link [LNKC] (IRQs 5 *9 10 11)
Sep 11 12:50:34 server kernel: [    0.186422] ACPI: PCI Interrupt Link [LNKD] (IRQs 5 9 10 *11)
Sep 11 12:50:34 server kernel: [    0.186894] SCSI subsystem initialized
Sep 11 12:50:34 server kernel: [    0.187071] libata version 3.00 loaded.
Sep 11 12:50:34 server kernel: [    0.187116] pci 0000:00:02.0: vgaarb: setting as boot VGA device
Sep 11 12:50:34 server kernel: [    0.187301] pci 0000:00:02.0: vgaarb: VGA device added: decodes=io+mem,owns=io+mem,locks=none
Sep 11 12:50:34 server kernel: [    0.187564] pci 0000:00:02.0: vgaarb: bridge control possible
Sep 11 12:50:34 server kernel: [    0.187739] vgaarb: loaded
Sep 11 12:50:34 server kernel: [    0.187870] ACPI: bus type USB registered
Sep 11 12:50:34 server kernel: [    0.188000] usbcore: registered new interface driver usbfs
Sep 11 12:50:34 server kernel: [    0.188000] usbcore: registered new interface driver hub
Sep 11 12:50:34 server kernel: [    0.188000] usbcore: registered new device driver usb
Sep 11 12:50:34 server kernel: [    0.188000] EDAC MC: Ver: 3.0.0
Sep 11 12:50:34 server kernel: [    0.188296] PCI: Using ACPI for IRQ routing
Sep 11 12:50:34 server kernel: [    0.188444] PCI: pci_cache_line_size set to 64 bytes
Sep 11 12:50:34 server kernel: [    0.188782] e820: reserve RAM buffer [mem 0x0009fc00-0x0009ffff]
Sep 11 12:50:34 server kernel: [    0.188785] e820: reserve RAM buffer [mem 0x7fff0000-0x7fffffff]
Sep 11 12:50:34 server kernel: [    0.188861] NetLabel: Initializing
Sep 11 12:50:34 server kernel: [    0.188998] NetLabel:  domain hash size = 128
Sep 11 12:50:34 server kernel: [    0.189148] NetLabel:  protocols = UNLABELED CIPSOv4 CALIPSO
Sep 11 12:50:34 server kernel: [    0.189333] NetLabel:  unlabeled traffic allowed by default
Sep 11 12:50:34 server kernel: [    0.190253] clocksource: Switched to clocksource kvm-clock
Sep 11 12:50:34 server kernel: [    0.197483] VFS: Disk quotas dquot_6.6.0
Sep 11 12:50:34 server kernel: [    0.197649] VFS: Dquot-cache hash table entries: 512 (order 0, 4096 bytes)
Sep 11 12:50:34 server kernel: [    0.197959] AppArmor: AppArmor Filesystem Enabled
Sep 11 12:50:34 server kernel: [    0.198138] pnp: PnP ACPI init
Sep 11 12:50:34 server kernel: [    0.198318] pnp 00:00: Plug and Play ACPI device, IDs PNP0303 (active)
Sep 11 12:50:34 server kernel: [    0.198384] pnp 00:01: Plug and Play ACPI device, IDs PNP0f03 (active)
Sep 11 12:50:34 server kernel: [    0.199190] pnp: PnP ACPI: found 2 devices
Sep 11 12:50:34 server kernel: [    0.204599] clocksource: acpi_pm: mask: 0xffffff max_cycles: 0xffffff, max_idle_ns: 2085701024 ns
Sep 11 12:50:34 server kernel: [    0.204943] pci_bus 0000:00: resource 4 [io  0x0000-0x0cf7 window]
Sep 11 12:50:34 server kernel: [    0.204944] pci_bus 0000:00: resource 5 [io  0x0d00-0xffff window]
Sep 11 12:50:34 server kernel: [    0.204946] pci_bus 0000:00: resource 6 [mem 0x000a0000-0x000bffff window]
Sep 11 12:50:34 server kernel: [    0.204946] pci_bus 0000:00: resource 7 [mem 0x80000000-0xfdffffff window]
Sep 11 12:50:34 server kernel: [    0.204991] NET: Registered protocol family 2
Sep 11 12:50:34 server kernel: [    0.205266] TCP established hash table entries: 16384 (order: 5, 131072 bytes)
Sep 11 12:50:34 server kernel: [    0.205525] TCP bind hash table entries: 16384 (order: 6, 262144 bytes)
Sep 11 12:50:34 server kernel: [    0.205743] TCP: Hash tables configured (established 16384 bind 16384)
Sep 11 12:50:34 server kernel: [    0.206458] UDP hash table entries: 1024 (order: 3, 32768 bytes)
Sep 11 12:50:34 server kernel: [    0.206706] UDP-Lite hash table entries: 1024 (order: 3, 32768 bytes)
Sep 11 12:50:34 server kernel: [    0.206925] NET: Registered protocol family 1
Sep 11 12:50:34 server kernel: [    0.207107] pci 0000:00:00.0: Limiting direct PCI/PCI transfers
Sep 11 12:50:34 server kernel: [    0.207368] pci 0000:00:01.0: Activating ISA DMA hang workarounds
Sep 11 12:50:34 server kernel: [    0.207623] pci 0000:00:02.0: Video device with shadowed ROM at [mem 0x000c0000-0x000dffff]
Sep 11 12:50:34 server kernel: [    0.209572] PCI: CLS 0 bytes, default 64
Sep 11 12:50:34 server kernel: [    0.209601] Unpacking initramfs...
Sep 11 12:50:34 server kernel: [    0.763828] Freeing initrd memory: 56600K
Sep 11 12:50:34 server kernel: [    0.764047] clocksource: tsc: mask: 0xffffffffffffffff max_cycles: 0x255cb6cc5db, max_idle_ns: 440795203504 ns
Sep 11 12:50:34 server kernel: [    0.764365] platform rtc_cmos: registered platform RTC device (no PNP device found)
Sep 11 12:50:34 server kernel: [    0.764513] Scanning for low memory corruption every 60 seconds
Sep 11 12:50:34 server kernel: [    0.765214] Initialise system trusted keyrings
Sep 11 12:50:34 server kernel: [    0.765378] Key type blacklist registered
Sep 11 12:50:34 server kernel: [    0.765549] workingset: timestamp_bits=36 max_order=19 bucket_order=0
Sep 11 12:50:34 server kernel: [    0.766371] zbud: loaded
Sep 11 12:50:34 server kernel: [    0.766792] squashfs: version 4.0 (2009/01/31) Phillip Lougher
Sep 11 12:50:34 server kernel: [    0.767038] fuse init (API version 7.26)
Sep 11 12:50:34 server kernel: [    0.767642] Key type asymmetric registered
Sep 11 12:50:34 server kernel: [    0.767789] Asymmetric key parser 'x509' registered
Sep 11 12:50:34 server kernel: [    0.767965] Block layer SCSI generic (bsg) driver version 0.4 loaded (major 246)
Sep 11 12:50:34 server kernel: [    0.768220] io scheduler noop registered
Sep 11 12:50:34 server kernel: [    0.768362] io scheduler deadline registered
Sep 11 12:50:34 server kernel: [    0.768525] io scheduler cfq registered (default)
Sep 11 12:50:34 server kernel: [    0.769011] ACPI: AC Adapter [AC] (off-line)
Sep 11 12:50:34 server kernel: [    0.769195] input: Power Button as /devices/LNXSYSTM:00/LNXPWRBN:00/input/input0
Sep 11 12:50:34 server kernel: [    0.769448] ACPI: Power Button [PWRF]
Sep 11 12:50:34 server kernel: [    0.769650] input: Sleep Button as /devices/LNXSYSTM:00/LNXSLPBN:00/input/input1
Sep 11 12:50:34 server kernel: [    0.769911] ACPI: Sleep Button [SLPF]
Sep 11 12:50:34 server kernel: [    0.771220] ACPI: Battery Slot [BAT0] (battery present)
Sep 11 12:50:34 server kernel: [    0.771414] Serial: 8250/16550 driver, 32 ports, IRQ sharing enabled
Sep 11 12:50:34 server kernel: [    0.772737] Linux agpgart interface v0.103
Sep 11 12:50:34 server kernel: [    0.773717] loop: module loaded
Sep 11 12:50:34 server kernel: [    0.773909] ata_piix 0000:00:01.1: version 2.13
Sep 11 12:50:34 server kernel: [    0.774171] scsi host0: ata_piix
Sep 11 12:50:34 server kernel: [    0.774336] scsi host1: ata_piix
Sep 11 12:50:34 server kernel: [    0.774480] ata1: PATA max UDMA/33 cmd 0x1f0 ctl 0x3f6 bmdma 0xd000 irq 14
Sep 11 12:50:34 server kernel: [    0.774677] ata2: PATA max UDMA/33 cmd 0x170 ctl 0x376 bmdma 0xd008 irq 15
Sep 11 12:50:34 server kernel: [    0.774912] libphy: Fixed MDIO Bus: probed
Sep 11 12:50:34 server kernel: [    0.775058] tun: Universal TUN/TAP device driver, 1.6
Sep 11 12:50:34 server kernel: [    0.775511] PPP generic driver version 2.4.2
Sep 11 12:50:34 server kernel: [    0.775684] ehci_hcd: USB 2.0 'Enhanced' Host Controller (EHCI) Driver
Sep 11 12:50:34 server kernel: [    0.775879] ehci-pci: EHCI PCI platform driver
Sep 11 12:50:34 server kernel: [    0.776034] ehci-platform: EHCI generic platform driver
Sep 11 12:50:34 server kernel: [    0.776156] ohci_hcd: USB 1.1 'Open' Host Controller (OHCI) Driver
Sep 11 12:50:34 server kernel: [    0.776156] ohci-pci: OHCI PCI platform driver
Sep 11 12:50:34 server kernel: [    0.777422] ohci-pci 0000:00:06.0: OHCI PCI host controller
Sep 11 12:50:34 server kernel: [    0.777601] ohci-pci 0000:00:06.0: new USB bus registered, assigned bus number 1
Sep 11 12:50:34 server kernel: [    0.777886] ohci-pci 0000:00:06.0: irq 22, io mem 0xf1804000
Sep 11 12:50:34 server kernel: [    0.836418] usb usb1: New USB device found, idVendor=1d6b, idProduct=0001
Sep 11 12:50:34 server kernel: [    0.836652] usb usb1: New USB device strings: Mfr=3, Product=2, SerialNumber=1
Sep 11 12:50:34 server kernel: [    0.836925] usb usb1: Product: OHCI PCI host controller
Sep 11 12:50:34 server kernel: [    0.837114] usb usb1: Manufacturer: Linux 4.15.0-117-generic ohci_hcd
Sep 11 12:50:34 server kernel: [    0.837330] usb usb1: SerialNumber: 0000:00:06.0
Sep 11 12:50:34 server kernel: [    0.837589] hub 1-0:1.0: USB hub found
Sep 11 12:50:34 server kernel: [    0.837756] hub 1-0:1.0: 12 ports detected
Sep 11 12:50:34 server kernel: [    0.838239] ohci-platform: OHCI generic platform driver
Sep 11 12:50:34 server kernel: [    0.838440] uhci_hcd: USB Universal Host Controller Interface driver
Sep 11 12:50:34 server kernel: [    0.838725] i8042: PNP: PS/2 Controller [PNP0303:PS2K,PNP0f03:PS2M] at 0x60,0x64 irq 1,12
Sep 11 12:50:34 server kernel: [    0.839414] serio: i8042 KBD port at 0x60,0x64 irq 1
Sep 11 12:50:34 server kernel: [    0.839618] serio: i8042 AUX port at 0x60,0x64 irq 12
Sep 11 12:50:34 server kernel: [    0.839859] mousedev: PS/2 mouse device common for all mice
Sep 11 12:50:34 server kernel: [    0.840308] input: AT Translated Set 2 keyboard as /devices/platform/i8042/serio0/input/input2
Sep 11 12:50:34 server kernel: [    0.840940] rtc_cmos rtc_cmos: rtc core: registered rtc_cmos as rtc0
Sep 11 12:50:34 server kernel: [    0.841220] rtc_cmos rtc_cmos: alarms up to one day, 114 bytes nvram
Sep 11 12:50:34 server kernel: [    0.841411] i2c /dev entries driver
Sep 11 12:50:34 server kernel: [    0.841578] device-mapper: uevent: version 1.0.3
Sep 11 12:50:34 server kernel: [    0.841768] device-mapper: ioctl: 4.37.0-ioctl (2017-09-20) initialised: dm-devel@redhat.com
Sep 11 12:50:34 server kernel: [    0.842035] ledtrig-cpu: registered to indicate activity on CPUs
Sep 11 12:50:34 server kernel: [    0.842311] intel_pmc_core:  initialized
Sep 11 12:50:34 server kernel: [    0.842564] NET: Registered protocol family 10
Sep 11 12:50:34 server kernel: [    0.844837] Segment Routing with IPv6
Sep 11 12:50:34 server kernel: [    0.844990] NET: Registered protocol family 17
Sep 11 12:50:34 server kernel: [    0.845163] Key type dns_resolver registered
Sep 11 12:50:34 server kernel: [    0.845366] mce: Using 0 MCE banks
Sep 11 12:50:34 server kernel: [    0.845908] RAS: Correctable Errors collector initialized.
Sep 11 12:50:34 server kernel: [    0.846088] sched_clock: Marking stable (844386472, 0)->(906376186, -61989714)
Sep 11 12:50:34 server kernel: [    0.846417] registered taskstats version 1
Sep 11 12:50:34 server kernel: [    0.846571] Loading compiled-in X.509 certificates
Sep 11 12:50:34 server kernel: [    0.848095] Loaded X.509 cert 'Build time autogenerated kernel key: 993aedfcb7091aab7364eeb95e85a8dab512d887'
Sep 11 12:50:34 server kernel: [    0.848435] zswap: loaded using pool lzo/zbud
Sep 11 12:50:34 server kernel: [    0.850711] Key type big_key registered
Sep 11 12:50:34 server kernel: [    0.850863] Key type trusted registered
Sep 11 12:50:34 server kernel: [    0.851951] Key type encrypted registered
Sep 11 12:50:34 server kernel: [    0.852102] AppArmor: AppArmor sha1 policy hashing enabled
Sep 11 12:50:34 server kernel: [    0.852278] ima: No TPM chip found, activating TPM-bypass! (rc=-19)
Sep 11 12:50:34 server kernel: [    0.852471] ima: Allocated hash algorithm: sha1
Sep 11 12:50:34 server kernel: [    0.852631] evm: HMAC attrs: 0x1
Sep 11 12:50:34 server kernel: [    0.853109]   Magic number: 4:903:834
Sep 11 12:50:34 server kernel: [    0.853307] rtc_cmos rtc_cmos: setting system clock to 2020-09-11 12:50:25 UTC (1599828625)
Sep 11 12:50:34 server kernel: [    0.853614] BIOS EDD facility v0.16 2004-Jun-25, 0 devices found
Sep 11 12:50:34 server kernel: [    0.853796] EDD information not available.
Sep 11 12:50:34 server kernel: [    0.937030] ata2.00: ATAPI: VBOX CD-ROM, 1.0, max UDMA/133
Sep 11 12:50:34 server kernel: [    0.937883] ata2.00: configured for UDMA/33
Sep 11 12:50:34 server kernel: [    0.938490] scsi 1:0:0:0: CD-ROM            VBOX     CD-ROM           1.0  PQ: 0 ANSI: 5
Sep 11 12:50:34 server kernel: [    0.960810] sr 1:0:0:0: [sr0] scsi3-mmc drive: 32x/32x xa/form2 tray
Sep 11 12:50:34 server kernel: [    0.961036] cdrom: Uniform CD-ROM driver Revision: 3.20
Sep 11 12:50:34 server kernel: [    0.961553] sr 1:0:0:0: Attached scsi CD-ROM sr0
Sep 11 12:50:34 server kernel: [    0.961662] sr 1:0:0:0: Attached scsi generic sg0 type 5
Sep 11 12:50:34 server kernel: [    0.963439] Freeing unused kernel image memory: 2436K
Sep 11 12:50:34 server kernel: [    0.972335] Write protecting the kernel read-only data: 20480k
Sep 11 12:50:34 server kernel: [    0.973084] Freeing unused kernel image memory: 2008K
Sep 11 12:50:34 server kernel: [    0.973504] Freeing unused kernel image memory: 1872K
Sep 11 12:50:34 server kernel: [    0.978793] x86/mm: Checked W+X mappings: passed, no W+X pages found.
Sep 11 12:50:34 server kernel: [    0.978988] x86/mm: Checking user space page tables
Sep 11 12:50:34 server kernel: [    0.984333] x86/mm: Checked W+X mappings: passed, no W+X pages found.
Sep 11 12:50:34 server kernel: [    1.060249] ACPI: Video Device [GFX0] (multi-head: yes  rom: no  post: no)
Sep 11 12:50:34 server kernel: [    1.060509] input: Video Bus as /devices/LNXSYSTM:00/LNXSYBUS:00/PNP0A03:00/LNXVIDEO:00/input/input4
Sep 11 12:50:34 server kernel: [    1.074888] e1000: Intel(R) PRO/1000 Network Driver - version 7.3.21-k8-NAPI
Sep 11 12:50:34 server kernel: [    1.075109] e1000: Copyright (c) 1999-2006 Intel Corporation.
Sep 11 12:50:34 server kernel: [    1.101536] AVX2 version of gcm_enc/dec engaged.
Sep 11 12:50:34 server kernel: [    1.101708] AES CTR mode by8 optimization enabled
Sep 11 12:50:34 server kernel: [    1.233931] usb 1-1: new full-speed USB device number 2 using ohci-pci
Sep 11 12:50:34 server kernel: [    1.293669] input: ImExPS/2 Generic Explorer Mouse as /devices/platform/i8042/serio1/input/input5
Sep 11 12:50:34 server kernel: [    1.504560] e1000 0000:00:03.0 eth0: (PCI:33MHz:32-bit) 08:00:27:da:ae:e9
Sep 11 12:50:34 server kernel: [    1.504771] e1000 0000:00:03.0 eth0: Intel(R) PRO/1000 Network Connection
Sep 11 12:50:34 server kernel: [    1.505078] piix4_smbus 0000:00:07.0: SMBus Host Controller at 0x4100, revision 0
Sep 11 12:50:34 server kernel: [    1.505786] ahci 0000:00:0d.0: version 3.0
Sep 11 12:50:34 server kernel: [    1.506415] ahci 0000:00:0d.0: SSS flag set, parallel bus scan disabled
Sep 11 12:50:34 server kernel: [    1.506725] ahci 0000:00:0d.0: AHCI 0001.0100 32 slots 1 ports 3 Gbps 0x1 impl SATA mode
Sep 11 12:50:34 server kernel: [    1.506988] ahci 0000:00:0d.0: flags: 64bit ncq stag only ccc 
Sep 11 12:50:34 server kernel: [    1.508496] e1000 0000:00:03.0 enp0s3: renamed from eth0
Sep 11 12:50:34 server kernel: [    1.509583] scsi host2: ahci
Sep 11 12:50:34 server kernel: [    1.509748] ata3: SATA max UDMA/133 abar m8192@0xf1806000 port 0xf1806100 irq 21
Sep 11 12:50:34 server kernel: [    1.510873] [drm] DMA map mode: Using physical TTM page addresses.
Sep 11 12:50:34 server kernel: [    1.511101] [drm] Capabilities:
Sep 11 12:50:34 server kernel: [    1.511231] [drm]   Cursor.
Sep 11 12:50:34 server kernel: [    1.511803] [drm]   Cursor bypass 2.
Sep 11 12:50:34 server kernel: [    1.511941] [drm]   Alpha cursor.
Sep 11 12:50:34 server kernel: [    1.512073] [drm]   3D.
Sep 11 12:50:34 server kernel: [    1.512189] [drm]   Extended Fifo.
Sep 11 12:50:34 server kernel: [    1.512362] [drm]   Pitchlock.
Sep 11 12:50:34 server kernel: [    1.512506] [drm]   Irq mask.
Sep 11 12:50:34 server kernel: [    1.512631] [drm]   GMR.
Sep 11 12:50:34 server kernel: [    1.512748] [drm]   Traces.
Sep 11 12:50:34 server kernel: [    1.512872] [drm]   GMR2.
Sep 11 12:50:34 server kernel: [    1.512991] [drm]   Screen Object 2.
Sep 11 12:50:34 server kernel: [    1.513128] [drm] Max GMR ids is 8192
Sep 11 12:50:34 server kernel: [    1.513267] [drm] Max number of GMR pages is 1048576
Sep 11 12:50:34 server kernel: [    1.513434] [drm] Max dedicated hypervisor surface memory is 507904 kiB
Sep 11 12:50:34 server kernel: [    1.513660] [drm] Maximum display memory size is 16384 kiB
Sep 11 12:50:34 server kernel: [    1.513837] [drm] VRAM at 0xf0000000 size is 16384 kiB
Sep 11 12:50:34 server kernel: [    1.514005] [drm] MMIO at 0xf1000000 size is 2048 kiB
Sep 11 12:50:34 server kernel: [    1.514307] [drm] global init.
Sep 11 12:50:34 server kernel: [    1.514470] [TTM] Zone  kernel: Available graphics memory: 1020486 kiB
Sep 11 12:50:34 server kernel: [    1.514667] [TTM] Initializing pool allocator
Sep 11 12:50:34 server kernel: [    1.514841] [TTM] Initializing DMA pool allocator
Sep 11 12:50:34 server kernel: [    1.515118] [drm] Supports vblank timestamp caching Rev 2 (21.10.2013).
Sep 11 12:50:34 server kernel: [    1.515319] [drm] No driver support for vblank timestamp query.
Sep 11 12:50:34 server kernel: [    1.516625] [drm] Screen Objects Display Unit initialized
Sep 11 12:50:34 server kernel: [    1.516848] [drm] width 720
Sep 11 12:50:34 server kernel: [    1.516983] [drm] height 400
Sep 11 12:50:34 server kernel: [    1.517118] [drm] bpp 32
Sep 11 12:50:34 server kernel: [    1.517365] [drm] Fifo max 0x00200000 min 0x00001000 cap 0x00000355
Sep 11 12:50:34 server kernel: [    1.519107] [drm] DX: no.
Sep 11 12:50:34 server kernel: [    1.520452] [drm] Atomic: yes
Sep 11 12:50:34 server kernel: [    1.521770] [drm:vmw_host_log [vmwgfx]] *ERROR* Failed to send log
Sep 11 12:50:34 server kernel: [    1.523998] [drm:vmw_host_log [vmwgfx]] *ERROR* Failed to send log
Sep 11 12:50:34 server kernel: [    1.527304] fbcon: svgadrmfb (fb0) is primary device
Sep 11 12:50:34 server kernel: [    1.529224] Console: switching to colour frame buffer device 100x37
Sep 11 12:50:34 server kernel: [    1.530232] [drm] Initialized vmwgfx 2.14.0 20170612 for 0000:00:02.0 on minor 0
Sep 11 12:50:34 server kernel: [    1.542172] usb 1-1: New USB device found, idVendor=80ee, idProduct=0021
Sep 11 12:50:34 server kernel: [    1.542199] usb 1-1: New USB device strings: Mfr=1, Product=3, SerialNumber=0
Sep 11 12:50:34 server kernel: [    1.542288] usb 1-1: Product: USB Tablet
Sep 11 12:50:34 server kernel: [    1.542319] usb 1-1: Manufacturer: VirtualBox
Sep 11 12:50:34 server kernel: [    1.548107] hidraw: raw HID events driver (C) Jiri Kosina
Sep 11 12:50:34 server kernel: [    1.561782] random: fast init done
Sep 11 12:50:34 server kernel: [    1.562280] random: systemd-udevd: uninitialized urandom read (16 bytes read)
Sep 11 12:50:34 server kernel: [    1.562312] random: systemd-udevd: uninitialized urandom read (16 bytes read)
Sep 11 12:50:34 server kernel: [    1.562346] random: systemd-udevd: uninitialized urandom read (16 bytes read)
Sep 11 12:50:34 server kernel: [    1.562578] usbcore: registered new interface driver usbhid
Sep 11 12:50:34 server kernel: [    1.562992] usbhid: USB HID core driver
Sep 11 12:50:34 server kernel: [    1.564653] input: VirtualBox USB Tablet as /devices/pci0000:00/0000:00:06.0/usb1/1-1/1-1:1.0/0003:80EE:0021.0001/input/input6
Sep 11 12:50:34 server kernel: [    1.565603] hid-generic 0003:80EE:0021.0001: input,hidraw0: USB HID v1.10 Mouse [VirtualBox USB Tablet] on usb-0000:00:06.0-1/input0
Sep 11 12:50:34 server kernel: [    1.828016] ata3: SATA link up 3.0 Gbps (SStatus 123 SControl 300)
Sep 11 12:50:34 server kernel: [    1.828853] ata3.00: ATA-6: VBOX HARDDISK, 1.0, max UDMA/133
Sep 11 12:50:34 server kernel: [    1.829363] ata3.00: 251658240 sectors, multi 128: LBA48 NCQ (depth 31/32)
Sep 11 12:50:34 server kernel: [    1.829961] ata3.00: configured for UDMA/133
Sep 11 12:50:34 server kernel: [    1.830513] scsi 2:0:0:0: Direct-Access     ATA      VBOX HARDDISK    1.0  PQ: 0 ANSI: 5
Sep 11 12:50:34 server kernel: [    1.831235] sd 2:0:0:0: [sda] 251658240 512-byte logical blocks: (129 GB/120 GiB)
Sep 11 12:50:34 server kernel: [    1.831703] sd 2:0:0:0: [sda] Write Protect is off
Sep 11 12:50:34 server kernel: [    1.832165] sd 2:0:0:0: [sda] Mode Sense: 00 3a 00 00
Sep 11 12:50:34 server kernel: [    1.832176] sd 2:0:0:0: Attached scsi generic sg1 type 0
Sep 11 12:50:34 server kernel: [    1.832685] sd 2:0:0:0: [sda] Write cache: enabled, read cache: enabled, doesn't support DPO or FUA
Sep 11 12:50:34 server kernel: [    1.837051]  sda: sda1 sda2 sda3
Sep 11 12:50:34 server kernel: [    1.837817] sd 2:0:0:0: [sda] Attached SCSI disk
Sep 11 12:50:34 server kernel: [    2.036524] raid6: sse2x1   gen() 13157 MB/s
Sep 11 12:50:34 server kernel: [    2.084522] raid6: sse2x1   xor()  9741 MB/s
Sep 11 12:50:34 server kernel: [    2.135305] raid6: sse2x2   gen() 17370 MB/s
Sep 11 12:50:34 server kernel: [    2.180059] raid6: sse2x2   xor() 11384 MB/s
Sep 11 12:50:34 server kernel: [    2.228520] raid6: sse2x4   gen() 19344 MB/s
Sep 11 12:50:34 server kernel: [    2.276277] raid6: sse2x4   xor() 11212 MB/s
Sep 11 12:50:34 server kernel: [    2.324435] raid6: avx2x1   gen() 26906 MB/s
Sep 11 12:50:34 server kernel: [    2.372120] raid6: avx2x1   xor() 18706 MB/s
Sep 11 12:50:34 server kernel: [    2.421233] raid6: avx2x2   gen() 30020 MB/s
Sep 11 12:50:34 server kernel: [    2.468361] raid6: avx2x2   xor() 20938 MB/s
Sep 11 12:50:34 server kernel: [    2.516021] raid6: avx2x4   gen() 37366 MB/s
Sep 11 12:50:34 server kernel: [    2.564175] raid6: avx2x4   xor() 22405 MB/s
Sep 11 12:50:34 server kernel: [    2.564602] raid6: using algorithm avx2x4 gen() 37366 MB/s
Sep 11 12:50:34 server kernel: [    2.565025] raid6: .... xor() 22405 MB/s, rmw enabled
Sep 11 12:50:34 server kernel: [    2.565444] raid6: using avx2x2 recovery algorithm
Sep 11 12:50:34 server kernel: [    2.567421] xor: automatically using best checksumming function   avx       
Sep 11 12:50:34 server kernel: [    2.568977] async_tx: api initialized (async)
Sep 11 12:50:34 server kernel: [    2.640606] Btrfs loaded, crc32c=crc32c-intel
Sep 11 12:50:34 server kernel: [    2.745475] EXT4-fs (dm-0): mounted filesystem with ordered data mode. Opts: (null)
Sep 11 12:50:34 server kernel: [    2.905151] ip_tables: (C) 2000-2006 Netfilter Core Team
Sep 11 12:50:34 server kernel: [    2.910561] systemd[1]: systemd 237 running in system mode. (+PAM +AUDIT +SELINUX +IMA +APPARMOR +SMACK +SYSVINIT +UTMP +LIBCRYPTSETUP +GCRYPT +GNUTLS +ACL +XZ +LZ4 +SECCOMP +BLKID +ELFUTILS +KMOD -IDN2 +IDN -PCRE2 default-hierarchy=hybrid)
Sep 11 12:50:34 server kernel: [    2.911935] systemd[1]: Detected virtualization oracle.
Sep 11 12:50:34 server kernel: [    2.912467] systemd[1]: Detected architecture x86-64.
Sep 11 12:50:34 server kernel: [    2.917099] systemd[1]: Set hostname to <server>.
Sep 11 12:50:34 server kernel: [    3.212775] systemd[1]: Set up automount Arbitrary Executable File Formats File System Automount Point.
Sep 11 12:50:34 server kernel: [    3.214293] systemd[1]: Reached target User and Group Name Lookups.
Sep 11 12:50:34 server kernel: [    3.215793] systemd[1]: Created slice User and Session Slice.
Sep 11 12:50:34 server kernel: [    3.217177] systemd[1]: Created slice System Slice.
Sep 11 12:50:34 server kernel: [    3.218387] systemd[1]: Listening on Network Service Netlink Socket.
Sep 11 12:50:34 server kernel: [    3.219644] systemd[1]: Listening on LVM2 poll daemon socket.
Sep 11 12:50:34 server kernel: [    3.247630] Loading iSCSI transport class v2.0-870.
Sep 11 12:50:34 server kernel: [    3.258969] iscsi: registered transport (tcp)
Sep 11 12:50:34 server kernel: [    3.277492] EXT4-fs (dm-0): re-mounted. Opts: (null)
Sep 11 12:50:34 server kernel: [    3.437828] systemd-journald[409]: Received request to flush runtime journal from PID 1
Sep 11 12:50:34 server kernel: [    3.488355] iscsi: registered transport (iser)
Sep 11 12:50:34 server kernel: [    3.587103] Adding 2097148k swap on /swap.img.  Priority:-2 extents:3 across:2269180k FS
Sep 11 12:50:34 server kernel: [    3.891439] vgdrvHeartbeatInit: Setting up heartbeat to trigger every 2000 milliseconds
Sep 11 12:50:34 server kernel: [    3.891537] input: Unspecified device as /devices/pci0000:00/0000:00:04.0/input/input7
Sep 11 12:50:34 server kernel: [    3.891636] vboxguest: misc device minor 56, IRQ 20, I/O port d040, MMIO at 00000000f1400000 (size 0x400000)
Sep 11 12:50:34 server kernel: [    3.891637] vboxguest: Successfully loaded version 5.2.8_KernelUbuntu (interface 0x00010004)
Sep 11 12:50:34 server kernel: [    3.941659] RAPL PMU: API unit is 2^-32 Joules, 5 fixed counters, 10737418240 ms ovfl timer
Sep 11 12:50:34 server kernel: [    3.941660] RAPL PMU: hw unit of domain pp0-core 2^-0 Joules
Sep 11 12:50:34 server kernel: [    3.941661] RAPL PMU: hw unit of domain package 2^-0 Joules
Sep 11 12:50:34 server kernel: [    3.941661] RAPL PMU: hw unit of domain dram 2^-0 Joules
Sep 11 12:50:34 server kernel: [    3.941661] RAPL PMU: hw unit of domain pp1-gpu 2^-0 Joules
Sep 11 12:50:34 server kernel: [    3.941662] RAPL PMU: hw unit of domain psys 2^-0 Joules
Sep 11 12:50:34 server kernel: [    4.182312] snd_intel8x0 0000:00:05.0: white list rate for 1028:0177 is 48000
Sep 11 12:50:34 server kernel: [    4.224748] EXT4-fs (sda2): mounted filesystem with ordered data mode. Opts: (null)
Sep 11 12:50:34 server kernel: [    4.548774] random: crng init done
Sep 11 12:50:34 server kernel: [    4.548776] random: 7 urandom warning(s) missed due to ratelimiting
Sep 11 12:50:34 server kernel: [    5.010154] audit: type=1400 audit(1599828629.652:2): apparmor="STATUS" operation="profile_load" profile="unconfined" name="lxc-container-default" pid=620 comm="apparmor_parser"
Sep 11 12:50:34 server kernel: [    5.010718] audit: type=1400 audit(1599828629.652:3): apparmor="STATUS" operation="profile_load" profile="unconfined" name="lxc-container-default-cgns" pid=620 comm="apparmor_parser"
Sep 11 12:50:34 server kernel: [    5.012644] audit: type=1400 audit(1599828629.656:4): apparmor="STATUS" operation="profile_load" profile="unconfined" name="lxc-container-default-with-mounting" pid=620 comm="apparmor_parser"
Sep 11 12:50:34 server kernel: [    5.013100] audit: type=1400 audit(1599828629.656:5): apparmor="STATUS" operation="profile_load" profile="unconfined" name="lxc-container-default-with-nesting" pid=620 comm="apparmor_parser"
Sep 11 12:50:34 server kernel: [    5.289226] audit: type=1400 audit(1599828629.932:6): apparmor="STATUS" operation="profile_load" profile="unconfined" name="/sbin/dhclient" pid=623 comm="apparmor_parser"
Sep 11 12:50:34 server kernel: [    5.289930] audit: type=1400 audit(1599828629.932:7): apparmor="STATUS" operation="profile_load" profile="unconfined" name="/usr/lib/NetworkManager/nm-dhcp-client.action" pid=623 comm="apparmor_parser"
Sep 11 12:50:34 server kernel: [    5.290371] audit: type=1400 audit(1599828629.932:8): apparmor="STATUS" operation="profile_load" profile="unconfined" name="/usr/lib/NetworkManager/nm-dhcp-helper" pid=623 comm="apparmor_parser"
Sep 11 12:50:34 server kernel: [    5.290747] audit: type=1400 audit(1599828629.932:9): apparmor="STATUS" operation="profile_load" profile="unconfined" name="/usr/lib/connman/scripts/dhclient-script" pid=623 comm="apparmor_parser"
Sep 11 12:50:34 server kernel: [    5.312599] audit: type=1400 audit(1599828629.956:10): apparmor="STATUS" operation="profile_load" profile="unconfined" name="/usr/bin/lxc-start" pid=625 comm="apparmor_parser"
Sep 11 12:50:34 server kernel: [    5.427375] audit: type=1400 audit(1599828630.068:11): apparmor="STATUS" operation="profile_load" profile="unconfined" name="/usr/bin/man" pid=627 comm="apparmor_parser"
Sep 11 12:50:34 server kernel: [    5.432402] audit: type=1400 audit(1599828630.076:12): apparmor="STATUS" operation="profile_load" profile="unconfined" name="man_filter" pid=627 comm="apparmor_parser"
Sep 11 12:50:34 server kernel: [    5.432785] audit: type=1400 audit(1599828630.076:13): apparmor="STATUS" operation="profile_load" profile="unconfined" name="man_groff" pid=627 comm="apparmor_parser"
Sep 11 12:50:34 server kernel: [    5.741052] audit: type=1400 audit(1599828630.384:14): apparmor="STATUS" operation="profile_load" profile="unconfined" name="/usr/lib/snapd/snap-confine" pid=629 comm="apparmor_parser"
Sep 11 12:50:34 server kernel: [    5.744915] audit: type=1400 audit(1599828630.388:15): apparmor="STATUS" operation="profile_load" profile="unconfined" name="/usr/lib/snapd/snap-confine//mount-namespace-capture-helper" pid=629 comm="apparmor_parser"
Sep 11 12:50:34 server kernel: [    6.545938] IPv6: ADDRCONF(NETDEV_UP): enp0s3: link is not ready
Sep 11 12:50:34 server kernel: [    6.553787] e1000: enp0s3 NIC Link is Up 1000 Mbps Full Duplex, Flow Control: RX
Sep 11 12:50:34 server kernel: [    6.554023] IPv6: ADDRCONF(NETDEV_CHANGE): enp0s3: link becomes ready
Sep 11 12:50:34 server systemd-modules-load[398]: Inserted module 'iscsi_tcp'
Sep 11 12:50:34 server systemd[1]: Started Create Static Device Nodes in /dev.
Sep 11 12:50:34 server systemd[1]: Started LVM2 metadata daemon.
Sep 11 12:50:34 server systemd[1]: Starting udev Kernel Device Manager...
Sep 11 12:50:34 server systemd[1]: Starting Flush Journal to Persistent Storage...
Sep 11 12:50:34 server systemd[1]: Started Load/Save Random Seed.
Sep 11 12:50:34 server lvm[405]:   1 logical volume(s) in volume group "ubuntu-vg" monitored
Sep 11 12:50:34 server systemd[1]: Started udev Kernel Device Manager.
Sep 11 12:50:34 server systemd-modules-load[398]: Inserted module 'ib_iser'
Sep 11 12:50:34 server systemd[1]: Started Load Kernel Modules.
Sep 11 12:50:34 server systemd[1]: Mounting FUSE Control File System...
Sep 11 12:50:34 server systemd[1]: Mounting Kernel Configuration File System...
Sep 11 12:50:34 server systemd[1]: Starting Apply Kernel Variables...
Sep 11 12:50:34 server systemd[1]: Mounted FUSE Control File System.
Sep 11 12:50:34 server systemd[1]: Mounted Kernel Configuration File System.
Sep 11 12:50:34 server systemd[1]: Started Monitoring of LVM2 mirrors, snapshots etc. using dmeventd or progress polling.
Sep 11 12:50:34 server systemd[1]: Started udev Coldplug all Devices.
Sep 11 12:50:34 server systemd[1]: Started Apply Kernel Variables.
Sep 11 12:50:34 server systemd[1]: Activated swap /swap.img.
Sep 11 12:50:34 server systemd[1]: Reached target Swap.
Sep 11 12:50:34 server systemd[1]: Started Flush Journal to Persistent Storage.
Sep 11 12:50:34 server systemd[1]: Started Set the console keyboard layout.
Sep 11 12:50:34 server systemd[1]: Reached target Local File Systems (Pre).
Sep 11 12:50:34 server systemd[1]: Started Dispatch Password Requests to Console Directory Watch.
Sep 11 12:50:34 server systemd[1]: Reached target Local Encrypted Volumes.
Sep 11 12:50:34 server systemd-udevd[428]: link_config: autonegotiation is unset or enabled, the speed and duplex are not writable.
Sep 11 12:50:34 server systemd-udevd[428]: link_config: autonegotiation is unset or enabled, the speed and duplex are not writable.
Sep 11 12:50:34 server systemd[1]: Listening on Load/Save RF Kill Switch Status /dev/rfkill Watch.
Sep 11 12:50:34 server systemd[1]: Reached target Sound Card.
Sep 11 12:50:34 server systemd[1]: Created slice system-lvm2\x2dpvscan.slice.
Sep 11 12:50:34 server systemd[1]: Starting LVM2 PV scan on device 8:3...
Sep 11 12:50:34 server systemd[1]: Found device VBOX_HARDDISK 2.
Sep 11 12:50:34 server systemd[1]: Mounting /boot...
Sep 11 12:50:34 server systemd[1]: Mounted /boot.
Sep 11 12:50:34 server systemd[1]: Reached target Local File Systems.
Sep 11 12:50:34 server systemd[1]: Starting Tell Plymouth To Write Out Runtime Data...
Sep 11 12:50:34 server systemd[1]: Starting Create Volatile Files and Directories...
Sep 11 12:50:34 server systemd[1]: Starting AppArmor initialization...
Sep 11 12:50:34 server systemd[1]: Starting ebtables ruleset management...
Sep 11 12:50:34 server systemd[1]: Starting Set console font and keymap...
Sep 11 12:50:34 server systemd[1]: Started Tell Plymouth To Write Out Runtime Data.
Sep 11 12:50:34 server systemd[1]: Started Create Volatile Files and Directories.
Sep 11 12:50:34 server systemd[1]: Starting Network Time Synchronization...
Sep 11 12:50:34 server systemd[1]: Starting Update UTMP about System Boot/Shutdown...
Sep 11 12:50:34 server lvm[542]:   1 logical volume(s) in volume group "ubuntu-vg" now active
Sep 11 12:50:34 server systemd[1]: Started Update UTMP about System Boot/Shutdown.
Sep 11 12:50:34 server systemd[1]: Started LVM2 PV scan on device 8:3.
Sep 11 12:50:34 server apparmor[551]:  * Starting AppArmor profiles
Sep 11 12:50:34 server systemd[1]: Started ebtables ruleset management.
Sep 11 12:50:34 server systemd[1]: Started Network Time Synchronization.
Sep 11 12:50:34 server systemd[1]: Reached target System Time Synchronized.
Sep 11 12:50:34 server apparmor[551]: Skipping profile in /etc/apparmor.d/disable: usr.sbin.rsyslogd
Sep 11 12:50:34 server systemd[1]: Started Set console font and keymap.
Sep 11 12:50:34 server apparmor[551]:    ...done.
Sep 11 12:50:34 server systemd[1]: Started AppArmor initialization.
Sep 11 12:50:34 server systemd[1]: Starting Initial cloud-init job (pre-networking)...
Sep 11 12:50:34 server systemd[1]: Starting Load AppArmor profiles managed internally by snapd...
Sep 11 12:50:34 server snapd-apparmor[817]: find: /var/lib/snapd/apparmor/profiles/: No such file or directory
Sep 11 12:50:34 server systemd[1]: Started Load AppArmor profiles managed internally by snapd.
Sep 11 12:50:34 server cloud-init[816]: Cloud-init v. 20.2-45-g5f7825e2-0ubuntu1~18.04.1 running 'init-local' at Fri, 11 Sep 2020 12:50:31 +0000. Up 6.40 seconds.
Sep 11 12:50:34 server systemd[1]: Started Initial cloud-init job (pre-networking).
Sep 11 12:50:34 server systemd[1]: Reached target Network (Pre).
Sep 11 12:50:34 server systemd[1]: Starting Network Service...
Sep 11 12:50:34 server systemd-networkd[852]: Enumeration completed
Sep 11 12:50:34 server systemd[1]: Started Network Service.
Sep 11 12:50:34 server systemd[1]: Starting Network Name Resolution...
Sep 11 12:50:34 server systemd-networkd[852]: enp0s3: IPv6 successfully enabled
Sep 11 12:50:34 server systemd-networkd[852]: lo: Link is not managed by us
Sep 11 12:50:34 server systemd[1]: Starting Wait for Network to be Configured...
Sep 11 12:50:34 server systemd-networkd-wait-online[864]: ignoring: lo
Sep 11 12:50:34 server systemd-networkd-wait-online[864]: ignoring: lo
Sep 11 12:50:34 server systemd-networkd[852]: enp0s3: Link UP
Sep 11 12:50:34 server systemd-networkd-wait-online[864]: ignoring: lo
Sep 11 12:50:34 server systemd-networkd-wait-online[864]: ignoring: lo
Sep 11 12:50:34 server systemd-networkd[852]: enp0s3: Gained carrier
Sep 11 12:50:34 server systemd-networkd-wait-online[864]: ignoring: lo
Sep 11 12:50:34 server systemd-networkd[852]: enp0s3: DHCPv4 address 10.0.2.15/24 via 10.0.2.2
Sep 11 12:50:34 server systemd-networkd-wait-online[864]: ignoring: lo
Sep 11 12:50:34 server systemd-networkd-wait-online[864]: ignoring: lo
Sep 11 12:50:34 server systemd-timesyncd[571]: Network configuration changed, trying to establish connection.
Sep 11 12:50:34 server systemd-resolved[863]: Positive Trust Anchors:
Sep 11 12:50:34 server systemd-resolved[863]: . IN DS 19036 8 2 49aac11d7b6f6446702e54a1607371607a1a41855200fd2ce1cdde32f24e8fb5
Sep 11 12:50:34 server systemd-resolved[863]: . IN DS 20326 8 2 e06d44b80b8f1d39a95c0b0d7c65d08458e880409bbc683457104237c7f8ec8d
Sep 11 12:50:34 server systemd-resolved[863]: Negative trust anchors: 10.in-addr.arpa 16.172.in-addr.arpa 17.172.in-addr.arpa 18.172.in-addr.arpa 19.172.in-addr.arpa 20.172.in-addr.arpa 21.172.in-addr.arpa 22.172.in-addr.arpa 23.172.in-addr.arpa 24.172.in-addr.arpa 25.172.in-addr.arpa 26.172.in-addr.arpa 27.172.in-addr.arpa 28.172.in-addr.arpa 29.172.in-addr.arpa 30.172.in-addr.arpa 31.172.in-addr.arpa 168.192.in-addr.arpa d.f.ip6.arpa corp home internal intranet lan local private test
Sep 11 12:50:34 server systemd-resolved[863]: Using system hostname 'server'.
Sep 11 12:50:34 server systemd[1]: Started Network Name Resolution.
Sep 11 12:50:34 server systemd[1]: Reached target Network.
Sep 11 12:50:34 server systemd[1]: Reached target Host and Network Name Lookups.
Sep 11 12:50:34 server systemd-networkd[852]: enp0s3: Gained IPv6LL
Sep 11 12:50:34 server systemd-networkd[852]: enp0s3: Configured
Sep 11 12:50:34 server systemd-networkd-wait-online[864]: ignoring: lo
Sep 11 12:50:34 server systemd-networkd-wait-online[864]: managing: enp0s3
Sep 11 12:50:34 server systemd-timesyncd[571]: Network configuration changed, trying to establish connection.
Sep 11 12:50:34 server systemd[1]: Started Wait for Network to be Configured.
Sep 11 12:50:34 server systemd[1]: Starting Initial cloud-init job (metadata service crawler)...
Sep 11 12:50:34 server cloud-init[871]: Cloud-init v. 20.2-45-g5f7825e2-0ubuntu1~18.04.1 running 'init' at Fri, 11 Sep 2020 12:50:33 +0000. Up 8.82 seconds.
Sep 11 12:50:34 server cloud-init[871]: ci-info: ++++++++++++++++++++++++++++++++++++++Net device info+++++++++++++++++++++++++++++++++++++++
Sep 11 12:50:34 server cloud-init[871]: ci-info: +--------+------+-----------------------------+---------------+--------+-------------------+
Sep 11 12:50:34 server cloud-init[871]: ci-info: | Device |  Up  |           Address           |      Mask     | Scope  |     Hw-Address    |
Sep 11 12:50:34 server cloud-init[871]: ci-info: +--------+------+-----------------------------+---------------+--------+-------------------+
Sep 11 12:50:34 server cloud-init[871]: ci-info: | enp0s3 | True |          10.0.2.15          | 255.255.255.0 | global | 08:00:27:da:ae:e9 |
Sep 11 12:50:34 server cloud-init[871]: ci-info: | enp0s3 | True | fe80::a00:27ff:feda:aee9/64 |       .       |  link  | 08:00:27:da:ae:e9 |
Sep 11 12:50:34 server cloud-init[871]: ci-info: |   lo   | True |          127.0.0.1          |   255.0.0.0   |  host  |         .         |
Sep 11 12:50:34 server cloud-init[871]: ci-info: |   lo   | True |           ::1/128           |       .       |  host  |         .         |
Sep 11 12:50:34 server cloud-init[871]: ci-info: +--------+------+-----------------------------+---------------+--------+-------------------+
Sep 11 12:50:34 server cloud-init[871]: ci-info: ++++++++++++++++++++++++++++Route IPv4 info+++++++++++++++++++++++++++++
Sep 11 12:50:34 server cloud-init[871]: ci-info: +-------+-------------+----------+-----------------+-----------+-------+
Sep 11 12:50:34 server cloud-init[871]: ci-info: | Route | Destination | Gateway  |     Genmask     | Interface | Flags |
Sep 11 12:50:34 server cloud-init[871]: ci-info: +-------+-------------+----------+-----------------+-----------+-------+
Sep 11 12:50:34 server cloud-init[871]: ci-info: |   0   |   0.0.0.0   | 10.0.2.2 |     0.0.0.0     |   enp0s3  |   UG  |
Sep 11 12:50:34 server cloud-init[871]: ci-info: |   1   |   10.0.2.0  | 0.0.0.0  |  255.255.255.0  |   enp0s3  |   U   |
Sep 11 12:50:34 server cloud-init[871]: ci-info: |   2   |   10.0.2.2  | 0.0.0.0  | 255.255.255.255 |   enp0s3  |   UH  |
Sep 11 12:50:34 server cloud-init[871]: ci-info: +-------+-------------+----------+-----------------+-----------+-------+
Sep 11 12:50:34 server cloud-init[871]: ci-info: +++++++++++++++++++Route IPv6 info+++++++++++++++++++
Sep 11 12:50:34 server cloud-init[871]: ci-info: +-------+-------------+---------+-----------+-------+
Sep 11 12:50:34 server cloud-init[871]: ci-info: | Route | Destination | Gateway | Interface | Flags |
Sep 11 12:50:34 server cloud-init[871]: ci-info: +-------+-------------+---------+-----------+-------+
Sep 11 12:50:34 server cloud-init[871]: ci-info: |   1   |  fe80::/64  |    ::   |   enp0s3  |   U   |
Sep 11 12:50:34 server cloud-init[871]: ci-info: |   3   |    local    |    ::   |   enp0s3  |   U   |
Sep 11 12:50:34 server cloud-init[871]: ci-info: |   4   |   ff00::/8  |    ::   |   enp0s3  |   U   |
Sep 11 12:50:34 server cloud-init[871]: ci-info: +-------+-------------+---------+-----------+-------+
Sep 11 12:50:34 server cloud-init[871]: Generating public/private rsa key pair.
Sep 11 12:50:34 server cloud-init[871]: Your identification has been saved in /etc/ssh/ssh_host_rsa_key.
Sep 11 12:50:34 server cloud-init[871]: Your public key has been saved in /etc/ssh/ssh_host_rsa_key.pub.
Sep 11 12:50:34 server cloud-init[871]: The key fingerprint is:
Sep 11 12:50:34 server cloud-init[871]: SHA256:OY2P9YbI66uVYSKDbR2UGjUnxzB2ul1nuq7Y0wELGd8 root@server
Sep 11 12:50:34 server cloud-init[871]: The key's randomart image is:
Sep 11 12:50:34 server cloud-init[871]: +---[RSA 2048]----+
Sep 11 12:50:34 server cloud-init[871]: |     .O++        |
Sep 11 12:50:34 server cloud-init[871]: |    .ooO.        |
Sep 11 12:50:34 server cloud-init[871]: |     oo+ .. o    |
Sep 11 12:50:34 server cloud-init[871]: |   o..o+o=E+     |
Sep 11 12:50:34 server cloud-init[871]: |  . = +.So+      |
Sep 11 12:50:34 server cloud-init[871]: |   . o +.O.+     |
Sep 11 12:50:34 server cloud-init[871]: |        *.+.o    |
Sep 11 12:50:34 server cloud-init[871]: |       +.o..     |
Sep 11 12:50:34 server cloud-init[871]: |      oo*+.      |
Sep 11 12:50:34 server cloud-init[871]: +----[SHA256]-----+
Sep 11 12:50:34 server cloud-init[871]: Generating public/private dsa key pair.
Sep 11 12:50:34 server cloud-init[871]: Your identification has been saved in /etc/ssh/ssh_host_dsa_key.
Sep 11 12:50:34 server cloud-init[871]: Your public key has been saved in /etc/ssh/ssh_host_dsa_key.pub.
Sep 11 12:50:34 server cloud-init[871]: The key fingerprint is:
Sep 11 12:50:34 server cloud-init[871]: SHA256:LdmSiuiy9rELmgWa7VHVHkwecZ22e10PuEUhu+LmIEE root@server
Sep 11 12:50:34 server cloud-init[871]: The key's randomart image is:
Sep 11 12:50:34 server cloud-init[871]: +---[DSA 1024]----+
Sep 11 12:50:34 server cloud-init[871]: |        +....... |
Sep 11 12:50:34 server cloud-init[871]: |       = o  +o.  |
Sep 11 12:50:34 server cloud-init[871]: |      E =  ..+   |
Sep 11 12:50:34 server cloud-init[871]: |     o . *  o.o .|
Sep 11 12:50:34 server cloud-init[871]: |.   . . S + .+ oo|
Sep 11 12:50:34 server cloud-init[871]: |.+ o . o + .o . o|
Sep 11 12:50:34 server cloud-init[871]: |o.=.. o . o  .   |
Sep 11 12:50:34 server cloud-init[871]: |o*..o  . +       |
Sep 11 12:50:34 server cloud-init[871]: |=o++.     .      |
Sep 11 12:50:34 server cloud-init[871]: +----[SHA256]-----+
Sep 11 12:50:34 server cloud-init[871]: Generating public/private ecdsa key pair.
Sep 11 12:50:34 server cloud-init[871]: Your identification has been saved in /etc/ssh/ssh_host_ecdsa_key.
Sep 11 12:50:34 server cloud-init[871]: Your public key has been saved in /etc/ssh/ssh_host_ecdsa_key.pub.
Sep 11 12:50:34 server cloud-init[871]: The key fingerprint is:
Sep 11 12:50:34 server cloud-init[871]: SHA256:F1IAMRE9hX34ieImeKI7QoVtBlIOxeNbKINjsFLRDGs root@server
Sep 11 12:50:34 server cloud-init[871]: The key's randomart image is:
Sep 11 12:50:34 server cloud-init[871]: +---[ECDSA 256]---+
Sep 11 12:50:34 server cloud-init[871]: |.+==  **.=o.     |
Sep 11 12:50:34 server cloud-init[871]: |o++.o  .+.o .    |
Sep 11 12:50:34 server cloud-init[871]: |++Eo    ...+ .   |
Sep 11 12:50:34 server cloud-init[871]: |B+o=.   ....o    |
Sep 11 12:50:34 server cloud-init[871]: |o++o . .S..      |
Sep 11 12:50:34 server cloud-init[871]: | .. o o o.       |
Sep 11 12:50:34 server cloud-init[871]: |.  . o o         |
Sep 11 12:50:34 server cloud-init[871]: |. o              |
Sep 11 12:50:34 server cloud-init[871]: | ..o             |
Sep 11 12:50:34 server cloud-init[871]: +----[SHA256]-----+
Sep 11 12:50:34 server cloud-init[871]: Generating public/private ed25519 key pair.
Sep 11 12:50:34 server cloud-init[871]: Your identification has been saved in /etc/ssh/ssh_host_ed25519_key.
Sep 11 12:50:34 server cloud-init[871]: Your public key has been saved in /etc/ssh/ssh_host_ed25519_key.pub.
Sep 11 12:50:34 server cloud-init[871]: The key fingerprint is:
Sep 11 12:50:34 server cloud-init[871]: SHA256:i/2oUQysYD2GrJ49Q2MTFF9/WQ3qr4w51mTYZBHHTd4 root@server
Sep 11 12:50:34 server cloud-init[871]: The key's randomart image is:
Sep 11 12:50:34 server cloud-init[871]: +--[ED25519 256]--+
Sep 11 12:50:34 server cloud-init[871]: |   o.  .   .o+=. |
Sep 11 12:50:34 server cloud-init[871]: | ..o... .  .=..o.|
Sep 11 12:50:34 server cloud-init[871]: |  =.+.o  . +.  .E|
Sep 11 12:50:34 server cloud-init[871]: | o o.o o  oo     |
Sep 11 12:50:34 server cloud-init[871]: |.  =.   S =.     |
Sep 11 12:50:34 server cloud-init[871]: |. = o  + o +.    |
Sep 11 12:50:34 server cloud-init[871]: | o +  o o +  .   |
Sep 11 12:50:34 server cloud-init[871]: |    o  . =+..    |
Sep 11 12:50:34 server cloud-init[871]: |      ..oooo     |
Sep 11 12:50:34 server cloud-init[871]: +----[SHA256]-----+
Sep 11 12:50:34 server systemd[1]: Started Initial cloud-init job (metadata service crawler).
Sep 11 12:50:34 server systemd[1]: Reached target Network is Online.
Sep 11 12:50:34 server systemd[1]: Starting Availability of block devices...
Sep 11 12:50:34 server systemd[1]: Reached target Remote File Systems (Pre).
Sep 11 12:50:34 server systemd[1]: Reached target Remote File Systems.
Sep 11 12:50:34 server systemd[1]: Reached target Cloud-config availability.
Sep 11 12:50:34 server systemd[1]: Reached target System Initialization.
Sep 11 12:50:34 server systemd[1]: Started ACPI Events Check.
Sep 11 12:50:34 server systemd[1]: Started Daily apt download activities.
Sep 11 12:50:34 server systemd[1]: Started Message of the Day.
Sep 11 12:50:34 server systemd[1]: Started Discard unused blocks once a week.
Sep 11 12:50:34 server systemd[1]: Starting LXD - unix socket.
Sep 11 12:50:34 server systemd[1]: Started Daily apt upgrade and clean activities.
Sep 11 12:50:34 server systemd[1]: Started Daily Cleanup of Temporary Directories.
Sep 11 12:50:34 server systemd[1]: Reached target Timers.
Sep 11 12:50:34 server systemd[1]: Listening on Open-iSCSI iscsid Socket.
Sep 11 12:50:34 server systemd[1]: Listening on D-Bus System Message Bus Socket.
Sep 11 12:50:34 server systemd[1]: Listening on UUID daemon activation socket.
Sep 11 12:50:34 server systemd[1]: Starting Socket activation for snappy daemon.
Sep 11 12:50:34 server systemd[1]: Reached target Paths.
Sep 11 12:50:34 server systemd[1]: Listening on ACPID Listen Socket.
Sep 11 12:50:34 server systemd[1]: Started Availability of block devices.
Sep 11 12:50:34 server systemd[1]: Listening on LXD - unix socket.
Sep 11 12:50:34 server systemd[1]: Listening on Socket activation for snappy daemon.
Sep 11 12:50:34 server systemd[1]: Reached target Sockets.
Sep 11 12:50:34 server systemd[1]: Reached target Basic System.
Sep 11 12:50:34 server systemd[1]: Starting System Logging Service...
Sep 11 12:50:34 server systemd[1]: Started D-Bus System Message Bus.
Sep 11 12:50:34 server rsyslogd: imuxsock: Acquired UNIX socket '/run/systemd/journal/syslog' (fd 3) from systemd.  [v8.32.0]
Sep 11 12:50:34 server rsyslogd: rsyslogd's groupid changed to 106
Sep 11 12:50:34 server rsyslogd: rsyslogd's userid changed to 102
Sep 11 12:50:34 server rsyslogd:  [origin software="rsyslogd" swVersion="8.32.0" x-pid="931" x-info="http://www.rsyslog.com"] start
Sep 11 12:50:34 server dbus-daemon[932]: dbus[932]: Unknown group "power" in message bus configuration file
Sep 11 12:50:34 server dbus-daemon[932]: [system] AppArmor D-Bus mediation is enabled
Sep 11 12:50:34 server systemd[1]: Started Regular background program processing daemon.
Sep 11 12:50:34 server systemd[1]: Started FUSE filesystem for LXC.
Sep 11 12:50:34 server systemd[1]: Started Deferred execution scheduler.
Sep 11 12:50:34 server systemd[1]: Starting Permit User Sessions...
Sep 11 12:50:34 server lxcfs[937]: mount namespace: 5
Sep 11 12:50:34 server lxcfs[937]: hierarchies:
Sep 11 12:50:34 server lxcfs[937]:   0: fd:   6: cpuset
Sep 11 12:50:34 server lxcfs[937]:   1: fd:   7: blkio
Sep 11 12:50:34 server lxcfs[937]:   2: fd:   8: cpu,cpuacct
Sep 11 12:50:34 server lxcfs[937]:   3: fd:   9: devices
Sep 11 12:50:34 server lxcfs[937]:   4: fd:  10: pids
Sep 11 12:50:34 server lxcfs[937]:   5: fd:  11: memory
Sep 11 12:50:34 server lxcfs[937]:   6: fd:  12: freezer
Sep 11 12:50:34 server lxcfs[937]:   7: fd:  13: rdma
Sep 11 12:50:34 server lxcfs[937]:   8: fd:  14: net_cls,net_prio
Sep 11 12:50:34 server lxcfs[937]:   9: fd:  15: hugetlb
Sep 11 12:50:34 server lxcfs[937]:  10: fd:  16: perf_event
Sep 11 12:50:34 server lxcfs[937]:  11: fd:  17: name=systemd
Sep 11 12:50:34 server lxcfs[937]:  12: fd:  18: unified
Sep 11 12:50:34 server kernel: [    9.666658] new mount options do not match the existing superblock, will be ignored
Sep 11 12:50:34 server cron[936]: (CRON) INFO (pidfile fd = 3)
Sep 11 12:50:34 server cron[936]: (CRON) INFO (Running @reboot jobs)
Sep 11 12:50:34 server systemd[1]: Started irqbalance daemon.
Sep 11 12:50:34 server systemd[1]: Starting Pollinate to seed the pseudo random number generator...
Sep 11 12:50:34 server systemd[1]: Starting LXD - container startup/shutdown...
Sep 11 12:50:34 server systemd[1]: Starting Thermal Daemon Service...
Sep 11 12:50:34 server systemd[1]: Starting Accounts Service...
Sep 11 12:50:34 server /usr/sbin/irqbalance: Balancing is ineffective on systems with a single cpu.  Shutting down
Sep 11 12:50:34 server thermald[962]: NO RAPL sysfs present
Sep 11 12:50:34 server thermald[962]: 22 CPUID levels; family:model:stepping 0x6:9e:a (6:158:10)
Sep 11 12:50:34 server thermald[962]: Polling mode is enabled: 4
Sep 11 12:50:34 server thermald[962]: Thermal DTS: No coretemp sysfs found
Sep 11 12:50:34 server thermald[962]: Thermal DTS or hwmon: No Zones present Need to configure manually
Sep 11 12:50:34 server thermald[962]: No thermal sensors found
Sep 11 12:50:34 server thermald[962]: THD engine start failed
Sep 11 12:50:34 server systemd[1]: Starting Dispatcher daemon for systemd-networkd...
Sep 11 12:50:34 server systemd[1]: Starting LSB: automatic crash report generation...
Sep 11 12:50:34 server systemd[1]: Starting LSB: Record successful boot for GRUB...
Sep 11 12:50:34 server systemd[1]: Starting Login Service...
Sep 11 12:50:34 server systemd[1]: Starting Snap Daemon...
Sep 11 12:50:34 server systemd[1]: Started System Logging Service.
Sep 11 12:50:34 server systemd[1]: Started Permit User Sessions.
Sep 11 12:50:34 server systemd[1]: Started LXD - container startup/shutdown.
Sep 11 12:50:34 server systemd[1]: Started Thermal Daemon Service.
Sep 11 12:50:34 server systemd[1]: Starting Terminate Plymouth Boot Screen...
Sep 11 12:50:34 server systemd[1]: Starting Hold until boot process finishes up...
Sep 11 12:50:34 server systemd[1]: Started Hold until boot process finishes up.
Sep 11 12:50:34 server systemd[1]: Starting Set console scheme...
Sep 11 12:50:34 server systemd[1]: Started Terminate Plymouth Boot Screen.
Sep 11 12:50:34 server grub-common[998]:  * Recording successful boot for GRUB
Sep 11 12:50:34 server apport[997]:  * Starting automatic crash report generation: apport
Sep 11 12:50:34 server systemd[1]: Started Set console scheme.
Sep 11 12:50:34 server systemd[1]: Created slice system-getty.slice.
Sep 11 12:50:34 server systemd[1]: Started Getty on tty1.
Sep 11 12:50:34 server systemd[1]: Reached target Login Prompts.
Sep 11 12:50:34 server systemd[1]: Started Login Service.
Sep 11 12:50:34 server systemd[1]: Started Unattended Upgrades Shutdown.
Sep 11 12:50:34 server snapd[1012]: AppArmor status: apparmor is enabled and all features are available
Sep 11 12:50:34 server apport[997]:    ...done.
Sep 11 12:50:34 server systemd[1]: Started LSB: automatic crash report generation.
Sep 11 12:50:34 server dbus-daemon[932]: [system] Activating via systemd: service name='org.freedesktop.PolicyKit1' unit='polkit.service' requested by ':1.5' (uid=0 pid=969 comm="/usr/lib/accountsservice/accounts-daemon " label="unconfined")
Sep 11 12:50:34 server systemd[1]: Starting Authorization Manager...
Sep 11 12:50:34 server grub-common[998]:    ...done.
Sep 11 12:50:34 server systemd[1]: Started LSB: Record successful boot for GRUB.
Sep 11 12:50:34 server polkitd[1050]: started daemon version 0.105 using authority implementation `local' version `0.105'
Sep 11 12:50:34 server dbus-daemon[932]: [system] Successfully activated service 'org.freedesktop.PolicyKit1'
Sep 11 12:50:34 server systemd[1]: Started Authorization Manager.
Sep 11 12:50:34 server accounts-daemon[969]: started daemon version 0.6.45
Sep 11 12:50:34 server systemd[1]: Started Accounts Service.
Sep 11 12:50:34 server pollinate[960]: client sent challenge to [https://entropy.ubuntu.com/]
Sep 11 12:50:34 server networkd-dispatcher[996]: No valid path found for iwconfig
Sep 11 12:50:34 server snapd[1012]: daemon.go:343: started snapd/2.45.1+18.04.2 (series 16; classic) ubuntu/18.04 (amd64) linux/4.15.0-117-generic.
Sep 11 12:50:34 server systemd[1]: Started Dispatcher daemon for systemd-networkd.
Sep 11 12:50:35 server snapd[1012]: daemon.go:436: adjusting startup timeout by 30s (pessimistic estimate of 30s plus 5s per snap)
Sep 11 12:50:35 server snapd[1012]: helpers.go:105: error trying to compare the snap system key: system-key missing on disk
Sep 11 12:50:35 server systemd[1]: Started Snap Daemon.
Sep 11 12:50:35 server systemd[1]: Starting Wait until snapd is fully seeded...
Sep 11 12:50:35 server pollinate[960]: WARNING: Network communication failed [0]   % Total    % Received % Xferd  Average Speed   Time    Time     Time  Current#012                                 Dload  Upload   Total   Spent    Left  Speed#012#015  0     0    0     0    0     0      0      0 --:--:-- --:--:-- --:--:--     012:50:35.453073 *   Trying 91.189.94.10...#01212:50:35.453140 * TCP_NODELAY set#01212:50:35.653493 *   Trying 2001:67c:1561:8008::10...#01212:50:35.653586 * TCP_NODELAY set#01212:50:35.653643 * Immediate connect fail for 2001:67c:1561:8008::10: Network is unreachable#01212:50:35.653681 *   Trying 2001:67c:1561:8008::11...#01212:50:35.653706 * TCP_NODELAY set#01212:50:35.653735 * Immediate connect fail for 2001:67c:1561:8008::11: Network is unreachable#01212:50:35.726081 * Connected to entropy.ubuntu.com (91.189.94.10) port 443 (#0)#01212:50:35.728008 * ALPN, offering h2#01212:50:35.728063 * ALPN, offering http/1.1#01212:50:35.728672 * successfully set certificate verify locations:#01212:50:35.728723 *   CAfile: /etc/pollinate/entropy.ubuntu.com.pem#012  CApath: /dev/null#01212
Sep 11 12:50:35 server systemd[1]: Started Pollinate to seed the pseudo random number generator.
Sep 11 12:50:40 server snapd[1012]: daemon.go:542: gracefully waiting for running hooks
Sep 11 12:50:40 server snapd[1012]: daemon.go:544: done waiting for running hooks
Sep 11 12:50:40 server snapd[1012]: daemon stop requested to wait for socket activation
Sep 11 12:50:40 server systemd[1]: Starting Snap Daemon...
Sep 11 12:50:40 server snapd[1158]: AppArmor status: apparmor is enabled and all features are available
Sep 11 12:50:40 server snapd[1158]: patch.go:64: Patching system state level 6 to sublevel 1...
Sep 11 12:50:40 server snapd[1158]: patch.go:64: Patching system state level 6 to sublevel 2...
Sep 11 12:50:40 server snapd[1158]: patch.go:64: Patching system state level 6 to sublevel 3...
Sep 11 12:50:40 server snapd[1158]: daemon.go:343: started snapd/2.45.1+18.04.2 (series 16; classic) ubuntu/18.04 (amd64) linux/4.15.0-117-generic.
Sep 11 12:50:40 server snapd[1158]: daemon.go:436: adjusting startup timeout by 30s (pessimistic estimate of 30s plus 5s per snap)
Sep 11 12:50:40 server systemd[1]: Started Snap Daemon.
Sep 11 12:50:40 server systemd[1]: Started Wait until snapd is fully seeded.
Sep 11 12:50:40 server systemd[1]: Reached target Multi-User System.
Sep 11 12:50:40 server systemd[1]: Reached target Graphical Interface.
Sep 11 12:50:40 server systemd[1]: Starting Update UTMP about System Runlevel Changes...
Sep 11 12:50:40 server systemd[1]: Starting Apply the settings specified in cloud-config...
Sep 11 12:50:40 server systemd[1]: Started Update UTMP about System Runlevel Changes.
Sep 11 12:50:40 server cloud-init[1199]: Generating locales (this might take a while)...
Sep 11 12:50:41 server cloud-init[1199]:   en_US.UTF-8... done
Sep 11 12:50:41 server cloud-init[1199]: Generation complete.
Sep 11 12:50:41 server cloud-init[1199]: Cloud-init v. 20.2-45-g5f7825e2-0ubuntu1~18.04.1 running 'modules:config' at Fri, 11 Sep 2020 12:50:40 +0000. Up 15.98 seconds.
Sep 11 12:50:41 server systemd[1]: Started Apply the settings specified in cloud-config.
Sep 11 12:50:41 server systemd[1]: Starting Execute cloud user/final scripts...
Sep 11 12:50:42 server ec2: 
Sep 11 12:50:42 server ec2: #############################################################
Sep 11 12:50:42 server ec2: -----BEGIN SSH HOST KEY FINGERPRINTS-----
Sep 11 12:50:42 server ec2: 1024 SHA256:LdmSiuiy9rELmgWa7VHVHkwecZ22e10PuEUhu+LmIEE root@server (DSA)
Sep 11 12:50:42 server ec2: 256 SHA256:F1IAMRE9hX34ieImeKI7QoVtBlIOxeNbKINjsFLRDGs root@server (ECDSA)
Sep 11 12:50:42 server ec2: 256 SHA256:i/2oUQysYD2GrJ49Q2MTFF9/WQ3qr4w51mTYZBHHTd4 root@server (ED25519)
Sep 11 12:50:42 server ec2: 2048 SHA256:OY2P9YbI66uVYSKDbR2UGjUnxzB2ul1nuq7Y0wELGd8 root@server (RSA)
Sep 11 12:50:42 server ec2: -----END SSH HOST KEY FINGERPRINTS-----
Sep 11 12:50:42 server ec2: #############################################################
Sep 11 12:50:42 server cloud-init[1265]: Cloud-init v. 20.2-45-g5f7825e2-0ubuntu1~18.04.1 running 'modules:final' at Fri, 11 Sep 2020 12:50:42 +0000. Up 17.35 seconds.
Sep 11 12:50:42 server cloud-init[1265]: ci-info: no authorized SSH keys fingerprints found for user chung.
Sep 11 12:50:42 server cloud-init[1265]: Cloud-init v. 20.2-45-g5f7825e2-0ubuntu1~18.04.1 finished at Fri, 11 Sep 2020 12:50:42 +0000. Datasource DataSourceNone.  Up 17.47 seconds
Sep 11 12:50:42 server cloud-init[1265]: 2020-09-11 12:50:42,123 - cc_final_message.py[WARNING]: Used fallback datasource
Sep 11 12:50:42 server systemd[1]: Started Execute cloud user/final scripts.
Sep 11 12:50:42 server systemd[1]: Reached target Cloud-init target.
Sep 11 12:50:42 server systemd[1]: Startup finished in 2.886s (kernel) + 14.641s (userspace) = 17.528s.
Sep 11 12:50:45 server snapd[1158]: daemon.go:542: gracefully waiting for running hooks
Sep 11 12:50:45 server snapd[1158]: daemon.go:544: done waiting for running hooks
Sep 11 12:50:45 server snapd[1158]: daemon stop requested to wait for socket activation
Sep 11 12:51:02 server systemd-timesyncd[571]: Synchronized to time server 91.189.89.199:123 (ntp.ubuntu.com).
Sep 11 12:51:47 server systemd[1]: Created slice User Slice of chung.
Sep 11 12:51:47 server systemd[1]: Starting User Manager for UID 1000...
Sep 11 12:51:47 server systemd[1]: Started Session 1 of user chung.
Sep 11 12:51:47 server systemd[1454]: Reached target Paths.
Sep 11 12:51:47 server systemd[1454]: Listening on REST API socket for snapd user session agent.
Sep 11 12:51:47 server systemd[1454]: Listening on GnuPG cryptographic agent and passphrase cache (access for web browsers).
Sep 11 12:51:47 server systemd[1454]: Listening on GnuPG cryptographic agent (ssh-agent emulation).
Sep 11 12:51:47 server systemd[1454]: Listening on GnuPG cryptographic agent and passphrase cache (restricted).
Sep 11 12:51:47 server systemd[1454]: Reached target Timers.
Sep 11 12:51:47 server systemd[1454]: Listening on GnuPG cryptographic agent and passphrase cache.
Sep 11 12:51:47 server systemd[1454]: Listening on GnuPG network certificate management daemon.
Sep 11 12:51:47 server systemd[1454]: Reached target Sockets.
Sep 11 12:51:47 server systemd[1454]: Reached target Basic System.
Sep 11 12:51:47 server systemd[1454]: Reached target Default.
Sep 11 12:51:47 server systemd[1454]: Startup finished in 68ms.
Sep 11 12:51:47 server systemd[1]: Started User Manager for UID 1000.
Sep 11 13:02:14 server kernel: [    0.000000] Linux version 4.15.0-117-generic (buildd@lcy01-amd64-008) (gcc version 7.5.0 (Ubuntu 7.5.0-3ubuntu1~18.04)) #118-Ubuntu SMP Fri Sep 4 20:02:41 UTC 2020 (Ubuntu 4.15.0-117.118-generic 4.15.18)
Sep 11 13:02:14 server kernel: [    0.000000] Command line: BOOT_IMAGE=/vmlinuz-4.15.0-117-generic root=/dev/mapper/ubuntu--vg-ubuntu--lv ro maybe-ubiquity
Sep 11 13:02:14 server kernel: [    0.000000] KERNEL supported cpus:
Sep 11 13:02:14 server kernel: [    0.000000]   Intel GenuineIntel
Sep 11 13:02:14 server kernel: [    0.000000]   AMD AuthenticAMD
Sep 11 13:02:14 server kernel: [    0.000000]   Centaur CentaurHauls
Sep 11 13:02:14 server kernel: [    0.000000] x86/fpu: Supporting XSAVE feature 0x001: 'x87 floating point registers'
Sep 11 13:02:14 server kernel: [    0.000000] x86/fpu: Supporting XSAVE feature 0x002: 'SSE registers'
Sep 11 13:02:14 server kernel: [    0.000000] x86/fpu: Supporting XSAVE feature 0x004: 'AVX registers'
Sep 11 13:02:14 server kernel: [    0.000000] x86/fpu: xstate_offset[2]:  576, xstate_sizes[2]:  256
Sep 11 13:02:14 server kernel: [    0.000000] x86/fpu: Enabled xstate features 0x7, context size is 832 bytes, using 'standard' format.
Sep 11 13:02:14 server kernel: [    0.000000] e820: BIOS-provided physical RAM map:
Sep 11 13:02:14 server kernel: [    0.000000] BIOS-e820: [mem 0x0000000000000000-0x000000000009fbff] usable
Sep 11 13:02:14 server kernel: [    0.000000] BIOS-e820: [mem 0x000000000009fc00-0x000000000009ffff] reserved
Sep 11 13:02:14 server kernel: [    0.000000] BIOS-e820: [mem 0x00000000000f0000-0x00000000000fffff] reserved
Sep 11 13:02:14 server kernel: [    0.000000] BIOS-e820: [mem 0x0000000000100000-0x000000007ffeffff] usable
Sep 11 13:02:14 server kernel: [    0.000000] BIOS-e820: [mem 0x000000007fff0000-0x000000007fffffff] ACPI data
Sep 11 13:02:14 server kernel: [    0.000000] BIOS-e820: [mem 0x00000000fec00000-0x00000000fec00fff] reserved
Sep 11 13:02:14 server kernel: [    0.000000] BIOS-e820: [mem 0x00000000fee00000-0x00000000fee00fff] reserved
Sep 11 13:02:14 server kernel: [    0.000000] BIOS-e820: [mem 0x00000000fffc0000-0x00000000ffffffff] reserved
Sep 11 13:02:14 server kernel: [    0.000000] NX (Execute Disable) protection: active
Sep 11 13:02:14 server kernel: [    0.000000] SMBIOS 2.5 present.
Sep 11 13:02:14 server kernel: [    0.000000] DMI: innotek GmbH VirtualBox/VirtualBox, BIOS VirtualBox 12/01/2006
Sep 11 13:02:14 server kernel: [    0.000000] Hypervisor detected: KVM
Sep 11 13:02:14 server kernel: [    0.000000] e820: update [mem 0x00000000-0x00000fff] usable ==> reserved
Sep 11 13:02:14 server kernel: [    0.000000] e820: remove [mem 0x000a0000-0x000fffff] usable
Sep 11 13:02:14 server kernel: [    0.000000] e820: last_pfn = 0x7fff0 max_arch_pfn = 0x400000000
Sep 11 13:02:14 server kernel: [    0.000000] MTRR default type: uncachable
Sep 11 13:02:14 server kernel: [    0.000000] MTRR variable ranges disabled:
Sep 11 13:02:14 server kernel: [    0.000000] MTRR: Disabled
Sep 11 13:02:14 server kernel: [    0.000000] x86/PAT: MTRRs disabled, skipping PAT initialization too.
Sep 11 13:02:14 server kernel: [    0.000000] CPU MTRRs all blank - virtualized system.
Sep 11 13:02:14 server kernel: [    0.000000] x86/PAT: Configuration [0-7]: WB  WT  UC- UC  WB  WT  UC- UC  
Sep 11 13:02:14 server kernel: [    0.000000] found SMP MP-table at [mem 0x0009fff0-0x0009ffff]
Sep 11 13:02:14 server kernel: [    0.000000] Scanning 1 areas for low memory corruption
Sep 11 13:02:14 server kernel: [    0.000000] RAMDISK: [mem 0x31163000-0x348a8fff]
Sep 11 13:02:14 server kernel: [    0.000000] ACPI: Early table checksum verification disabled
Sep 11 13:02:14 server kernel: [    0.000000] ACPI: RSDP 0x00000000000E0000 000024 (v02 VBOX  )
Sep 11 13:02:14 server kernel: [    0.000000] ACPI: XSDT 0x000000007FFF0030 00003C (v01 VBOX   VBOXXSDT 00000001 ASL  00000061)
Sep 11 13:02:14 server kernel: [    0.000000] ACPI: FACP 0x000000007FFF00F0 0000F4 (v04 VBOX   VBOXFACP 00000001 ASL  00000061)
Sep 11 13:02:14 server kernel: [    0.000000] ACPI: DSDT 0x000000007FFF0470 0022EA (v02 VBOX   VBOXBIOS 00000002 INTL 20100528)
Sep 11 13:02:14 server kernel: [    0.000000] ACPI: FACS 0x000000007FFF0200 000040
Sep 11 13:02:14 server kernel: [    0.000000] ACPI: FACS 0x000000007FFF0200 000040
Sep 11 13:02:14 server kernel: [    0.000000] ACPI: APIC 0x000000007FFF0240 000054 (v02 VBOX   VBOXAPIC 00000001 ASL  00000061)
Sep 11 13:02:14 server kernel: [    0.000000] ACPI: SSDT 0x000000007FFF02A0 0001CC (v01 VBOX   VBOXCPUT 00000002 INTL 20100528)
Sep 11 13:02:14 server kernel: [    0.000000] ACPI: Local APIC address 0xfee00000
Sep 11 13:02:14 server kernel: [    0.000000] No NUMA configuration found
Sep 11 13:02:14 server kernel: [    0.000000] Faking a node at [mem 0x0000000000000000-0x000000007ffeffff]
Sep 11 13:02:14 server kernel: [    0.000000] NODE_DATA(0) allocated [mem 0x7ffc5000-0x7ffeffff]
Sep 11 13:02:14 server kernel: [    0.000000] kvm-clock: cpu 0, msr 0:7ff44001, primary cpu clock
Sep 11 13:02:14 server kernel: [    0.000000] kvm-clock: Using msrs 4b564d01 and 4b564d00
Sep 11 13:02:14 server kernel: [    0.000000] kvm-clock: using sched offset of 3982697761 cycles
Sep 11 13:02:14 server kernel: [    0.000000] clocksource: kvm-clock: mask: 0xffffffffffffffff max_cycles: 0x1cd42e4dffb, max_idle_ns: 881590591483 ns
Sep 11 13:02:14 server kernel: [    0.000000] Zone ranges:
Sep 11 13:02:14 server kernel: [    0.000000]   DMA      [mem 0x0000000000001000-0x0000000000ffffff]
Sep 11 13:02:14 server kernel: [    0.000000]   DMA32    [mem 0x0000000001000000-0x000000007ffeffff]
Sep 11 13:02:14 server kernel: [    0.000000]   Normal   empty
Sep 11 13:02:14 server kernel: [    0.000000]   Device   empty
Sep 11 13:02:14 server kernel: [    0.000000] Movable zone start for each node
Sep 11 13:02:14 server kernel: [    0.000000] Early memory node ranges
Sep 11 13:02:14 server kernel: [    0.000000]   node   0: [mem 0x0000000000001000-0x000000000009efff]
Sep 11 13:02:14 server kernel: [    0.000000]   node   0: [mem 0x0000000000100000-0x000000007ffeffff]
Sep 11 13:02:14 server kernel: [    0.000000] Reserved but unavailable: 98 pages
Sep 11 13:02:14 server kernel: [    0.000000] Initmem setup node 0 [mem 0x0000000000001000-0x000000007ffeffff]
Sep 11 13:02:14 server kernel: [    0.000000] On node 0 totalpages: 524174
Sep 11 13:02:14 server kernel: [    0.000000]   DMA zone: 64 pages used for memmap
Sep 11 13:02:14 server kernel: [    0.000000]   DMA zone: 21 pages reserved
Sep 11 13:02:14 server kernel: [    0.000000]   DMA zone: 3998 pages, LIFO batch:0
Sep 11 13:02:14 server kernel: [    0.000000]   DMA32 zone: 8128 pages used for memmap
Sep 11 13:02:14 server kernel: [    0.000000]   DMA32 zone: 520176 pages, LIFO batch:31
Sep 11 13:02:14 server kernel: [    0.000000] ACPI: PM-Timer IO Port: 0x4008
Sep 11 13:02:14 server kernel: [    0.000000] ACPI: Local APIC address 0xfee00000
Sep 11 13:02:14 server kernel: [    0.000000] IOAPIC[0]: apic_id 1, version 32, address 0xfec00000, GSI 0-23
Sep 11 13:02:14 server kernel: [    0.000000] ACPI: INT_SRC_OVR (bus 0 bus_irq 0 global_irq 2 dfl dfl)
Sep 11 13:02:14 server kernel: [    0.000000] ACPI: INT_SRC_OVR (bus 0 bus_irq 9 global_irq 9 low level)
Sep 11 13:02:14 server kernel: [    0.000000] ACPI: IRQ0 used by override.
Sep 11 13:02:14 server kernel: [    0.000000] ACPI: IRQ9 used by override.
Sep 11 13:02:14 server kernel: [    0.000000] Using ACPI (MADT) for SMP configuration information
Sep 11 13:02:14 server kernel: [    0.000000] smpboot: Allowing 1 CPUs, 0 hotplug CPUs
Sep 11 13:02:14 server kernel: [    0.000000] PM: Registered nosave memory: [mem 0x00000000-0x00000fff]
Sep 11 13:02:14 server kernel: [    0.000000] PM: Registered nosave memory: [mem 0x0009f000-0x0009ffff]
Sep 11 13:02:14 server kernel: [    0.000000] PM: Registered nosave memory: [mem 0x000a0000-0x000effff]
Sep 11 13:02:14 server kernel: [    0.000000] PM: Registered nosave memory: [mem 0x000f0000-0x000fffff]
Sep 11 13:02:14 server kernel: [    0.000000] e820: [mem 0x80000000-0xfebfffff] available for PCI devices
Sep 11 13:02:14 server kernel: [    0.000000] Booting paravirtualized kernel on KVM
Sep 11 13:02:14 server kernel: [    0.000000] clocksource: refined-jiffies: mask: 0xffffffff max_cycles: 0xffffffff, max_idle_ns: 7645519600211568 ns
Sep 11 13:02:14 server kernel: [    0.000000] random: get_random_bytes called from start_kernel+0x99/0x500 with crng_init=0
Sep 11 13:02:14 server kernel: [    0.000000] setup_percpu: NR_CPUS:8192 nr_cpumask_bits:1 nr_cpu_ids:1 nr_node_ids:1
Sep 11 13:02:14 server kernel: [    0.000000] percpu: Embedded 45 pages/cpu s147456 r8192 d28672 u2097152
Sep 11 13:02:14 server kernel: [    0.000000] pcpu-alloc: s147456 r8192 d28672 u2097152 alloc=1*2097152
Sep 11 13:02:14 server kernel: [    0.000000] pcpu-alloc: [0] 0 
Sep 11 13:02:14 server kernel: [    0.000000] PV qspinlock hash table entries: 256 (order: 0, 4096 bytes)
Sep 11 13:02:14 server kernel: [    0.000000] Built 1 zonelists, mobility grouping on.  Total pages: 515961
Sep 11 13:02:14 server kernel: [    0.000000] Policy zone: DMA32
Sep 11 13:02:14 server kernel: [    0.000000] Kernel command line: BOOT_IMAGE=/vmlinuz-4.15.0-117-generic root=/dev/mapper/ubuntu--vg-ubuntu--lv ro maybe-ubiquity
Sep 11 13:02:14 server kernel: [    0.000000] Calgary: detecting Calgary via BIOS EBDA area
Sep 11 13:02:14 server kernel: [    0.000000] Calgary: Unable to locate Rio Grande table in EBDA - bailing!
Sep 11 13:02:14 server kernel: [    0.000000] Memory: 1978020K/2096696K available (12300K kernel code, 2481K rwdata, 4272K rodata, 2436K init, 2724K bss, 118676K reserved, 0K cma-reserved)
Sep 11 13:02:14 server kernel: [    0.000000] SLUB: HWalign=64, Order=0-3, MinObjects=0, CPUs=1, Nodes=1
Sep 11 13:02:14 server kernel: [    0.000000] Kernel/User page tables isolation: enabled
Sep 11 13:02:14 server kernel: [    0.000000] ftrace: allocating 39392 entries in 154 pages
Sep 11 13:02:14 server kernel: [    0.004000] Hierarchical RCU implementation.
Sep 11 13:02:14 server kernel: [    0.004000] 	RCU restricting CPUs from NR_CPUS=8192 to nr_cpu_ids=1.
Sep 11 13:02:14 server kernel: [    0.004000] 	Tasks RCU enabled.
Sep 11 13:02:14 server kernel: [    0.004000] RCU: Adjusting geometry for rcu_fanout_leaf=16, nr_cpu_ids=1
Sep 11 13:02:14 server kernel: [    0.004000] NR_IRQS: 524544, nr_irqs: 256, preallocated irqs: 16
Sep 11 13:02:14 server kernel: [    0.004000] Console: colour VGA+ 80x25
Sep 11 13:02:14 server kernel: [    0.004000] console [tty0] enabled
Sep 11 13:02:14 server kernel: [    0.004000] ACPI: Core revision 20170831
Sep 11 13:02:14 server kernel: [    0.004000] ACPI: 2 ACPI AML tables successfully acquired and loaded
Sep 11 13:02:14 server kernel: [    0.004000] APIC: Switch to symmetric I/O mode setup
Sep 11 13:02:14 server kernel: [    0.004000] x2apic enabled
Sep 11 13:02:14 server kernel: [    0.004000] Switched APIC routing to physical x2apic.
Sep 11 13:02:14 server kernel: [    0.004000] ..TIMER: vector=0x30 apic1=0 pin1=2 apic2=-1 pin2=-1
Sep 11 13:02:14 server kernel: [    0.004000] tsc: Detected 2592.000 MHz processor
Sep 11 13:02:14 server kernel: [    0.004000] Calibrating delay loop (skipped) preset value.. 5184.00 BogoMIPS (lpj=10368000)
Sep 11 13:02:14 server kernel: [    0.004000] pid_max: default: 32768 minimum: 301
Sep 11 13:02:14 server kernel: [    0.004000] Security Framework initialized
Sep 11 13:02:14 server kernel: [    0.004000] Yama: becoming mindful.
Sep 11 13:02:14 server kernel: [    0.004000] AppArmor: AppArmor initialized
Sep 11 13:02:14 server kernel: [    0.004337] Dentry cache hash table entries: 262144 (order: 9, 2097152 bytes)
Sep 11 13:02:14 server kernel: [    0.007298] Inode-cache hash table entries: 131072 (order: 8, 1048576 bytes)
Sep 11 13:02:14 server kernel: [    0.008031] Mount-cache hash table entries: 4096 (order: 3, 32768 bytes)
Sep 11 13:02:14 server kernel: [    0.008229] Mountpoint-cache hash table entries: 4096 (order: 3, 32768 bytes)
Sep 11 13:02:14 server kernel: [    0.008635] process: using mwait in idle threads
Sep 11 13:02:14 server kernel: [    0.008794] Last level iTLB entries: 4KB 64, 2MB 8, 4MB 8
Sep 11 13:02:14 server kernel: [    0.008962] Last level dTLB entries: 4KB 64, 2MB 0, 4MB 0, 1GB 4
Sep 11 13:02:14 server kernel: [    0.009143] Spectre V1 : Mitigation: usercopy/swapgs barriers and __user pointer sanitization
Sep 11 13:02:14 server kernel: [    0.009405] Spectre V2 : Mitigation: Full generic retpoline
Sep 11 13:02:14 server kernel: [    0.009577] Spectre V2 : Spectre v2 / SpectreRSB mitigation: Filling RSB on context switch
Sep 11 13:02:14 server kernel: [    0.009833] Speculative Store Bypass: Vulnerable
Sep 11 13:02:14 server kernel: [    0.010020] SRBDS: Unknown: Dependent on hypervisor status
Sep 11 13:02:14 server kernel: [    0.010190] MDS: Vulnerable: Clear CPU buffers attempted, no microcode
Sep 11 13:02:14 server kernel: [    0.023621] Freeing SMP alternatives memory: 36K
Sep 11 13:02:14 server kernel: [    0.133130] smpboot: CPU0: Intel(R) Core(TM) i7-9750H CPU @ 2.60GHz (family: 0x6, model: 0x9e, stepping: 0xa)
Sep 11 13:02:14 server kernel: [    0.133738] Performance Events: unsupported p6 CPU model 158 no PMU driver, software events only.
Sep 11 13:02:14 server kernel: [    0.134307] Hierarchical SRCU implementation.
Sep 11 13:02:14 server kernel: [    0.135299] NMI watchdog: Perf event create on CPU 0 failed with -2
Sep 11 13:02:14 server kernel: [    0.135493] NMI watchdog: Perf NMI watchdog permanently disabled
Sep 11 13:02:14 server kernel: [    0.135702] smp: Bringing up secondary CPUs ...
Sep 11 13:02:14 server kernel: [    0.135860] smp: Brought up 1 node, 1 CPU
Sep 11 13:02:14 server kernel: [    0.136000] smpboot: Max logical packages: 1
Sep 11 13:02:14 server kernel: [    0.136000] smpboot: Total of 1 processors activated (5184.00 BogoMIPS)
Sep 11 13:02:14 server kernel: [    0.136000] devtmpfs: initialized
Sep 11 13:02:14 server kernel: [    0.136000] x86/mm: Memory block size: 128MB
Sep 11 13:02:14 server kernel: [    0.136000] evm: security.selinux
Sep 11 13:02:14 server kernel: [    0.136021] evm: security.SMACK64
Sep 11 13:02:14 server kernel: [    0.136375] evm: security.SMACK64EXEC
Sep 11 13:02:14 server kernel: [    0.136719] evm: security.SMACK64TRANSMUTE
Sep 11 13:02:14 server kernel: [    0.137120] evm: security.SMACK64MMAP
Sep 11 13:02:14 server kernel: [    0.137347] evm: security.apparmor
Sep 11 13:02:14 server kernel: [    0.137481] evm: security.ima
Sep 11 13:02:14 server kernel: [    0.137646] evm: security.capability
Sep 11 13:02:14 server kernel: [    0.137960] clocksource: jiffies: mask: 0xffffffff max_cycles: 0xffffffff, max_idle_ns: 7645041785100000 ns
Sep 11 13:02:14 server kernel: [    0.138327] futex hash table entries: 256 (order: 2, 16384 bytes)
Sep 11 13:02:14 server kernel: [    0.138704] pinctrl core: initialized pinctrl subsystem
Sep 11 13:02:14 server kernel: [    0.139057] RTC time: 13:02:05, date: 09/11/20
Sep 11 13:02:14 server kernel: [    0.139277] NET: Registered protocol family 16
Sep 11 13:02:14 server kernel: [    0.139484] audit: initializing netlink subsys (disabled)
Sep 11 13:02:14 server kernel: [    0.139750] cpuidle: using governor ladder
Sep 11 13:02:14 server kernel: [    0.140028] cpuidle: using governor menu
Sep 11 13:02:14 server kernel: [    0.140377] ACPI: bus type PCI registered
Sep 11 13:02:14 server kernel: [    0.140614] acpiphp: ACPI Hot Plug PCI Controller Driver version: 0.5
Sep 11 13:02:14 server kernel: [    0.140913] PCI: Using configuration type 1 for base access
Sep 11 13:02:14 server kernel: [    0.141771] audit: type=2000 audit(1599829330.613:1): state=initialized audit_enabled=0 res=1
Sep 11 13:02:14 server kernel: [    0.142093] HugeTLB registered 2.00 MiB page size, pre-allocated 0 pages
Sep 11 13:02:14 server kernel: [    0.142408] ACPI: Added _OSI(Module Device)
Sep 11 13:02:14 server kernel: [    0.142560] ACPI: Added _OSI(Processor Device)
Sep 11 13:02:14 server kernel: [    0.142714] ACPI: Added _OSI(3.0 _SCP Extensions)
Sep 11 13:02:14 server kernel: [    0.142874] ACPI: Added _OSI(Processor Aggregator Device)
Sep 11 13:02:14 server kernel: [    0.143047] ACPI: Added _OSI(Linux-Dell-Video)
Sep 11 13:02:14 server kernel: [    0.143201] ACPI: Added _OSI(Linux-Lenovo-NV-HDMI-Audio)
Sep 11 13:02:14 server kernel: [    0.143373] ACPI: Added _OSI(Linux-HPI-Hybrid-Graphics)
Sep 11 13:02:14 server kernel: [    0.144120] ACPI: Executed 1 blocks of module-level executable AML code
Sep 11 13:02:14 server kernel: [    0.146596] ACPI: Interpreter enabled
Sep 11 13:02:14 server kernel: [    0.146901] ACPI: (supports S0 S5)
Sep 11 13:02:14 server kernel: [    0.147042] ACPI: Using IOAPIC for interrupt routing
Sep 11 13:02:14 server kernel: [    0.147372] PCI: Using host bridge windows from ACPI; if necessary, use "pci=nocrs" and report a bug
Sep 11 13:02:14 server kernel: [    0.147819] ACPI: Enabled 2 GPEs in block 00 to 07
Sep 11 13:02:14 server kernel: [    0.155176] ACPI: PCI Root Bridge [PCI0] (domain 0000 [bus 00-ff])
Sep 11 13:02:14 server kernel: [    0.155381] acpi PNP0A03:00: _OSC: OS supports [ASPM ClockPM Segments MSI]
Sep 11 13:02:14 server kernel: [    0.155911] acpi PNP0A03:00: _OSC: not requesting OS control; OS requires [ExtendedConfig ASPM ClockPM MSI]
Sep 11 13:02:14 server kernel: [    0.156000] acpi PNP0A03:00: fail to add MMCONFIG information, can't access extended PCI configuration space under this bridge.
Sep 11 13:02:14 server kernel: [    0.156365] PCI host bridge to bus 0000:00
Sep 11 13:02:14 server kernel: [    0.156518] pci_bus 0000:00: root bus resource [io  0x0000-0x0cf7 window]
Sep 11 13:02:14 server kernel: [    0.156720] pci_bus 0000:00: root bus resource [io  0x0d00-0xffff window]
Sep 11 13:02:14 server kernel: [    0.156920] pci_bus 0000:00: root bus resource [mem 0x000a0000-0x000bffff window]
Sep 11 13:02:14 server kernel: [    0.157169] pci_bus 0000:00: root bus resource [mem 0x80000000-0xfdffffff window]
Sep 11 13:02:14 server kernel: [    0.157420] pci_bus 0000:00: root bus resource [bus 00-ff]
Sep 11 13:02:14 server kernel: [    0.157642] pci 0000:00:00.0: [8086:1237] type 00 class 0x060000
